<html>
<body>
<pre>
<h1>µVision Build Log</h1>
<h2>Tool Versions:</h2>
IDE-Version: µVision V5.21.1.0
Copyright (C) 2016 ARM Ltd and ARM Germany GmbH. All rights reserved.
License Information: sss ss, sss, LIC=P6FUH-W58ZL-ZC1JY-I9KU1-A2NW0-22LN6
 
Tool Versions:
Toolchain:       MDK-ARM Professional  Version: 5.21a
Toolchain Path:  C:\Keil_v5\ARM\ARMCC\Bin
C Compiler:      Armcc.exe V5.06 update 3 (build 300)
Assembler:       Armasm.exe V5.06 update 3 (build 300)
Linker/Locator:  ArmLink.exe V5.06 update 3 (build 300)
Library Manager: ArmAr.exe V5.06 update 3 (build 300)
Hex Converter:   FromElf.exe V5.06 update 3 (build 300)
CPU DLL:         SARMCM3.DLL V5.21a
Dialog DLL:      DARMCM1.DLL V1.14.0.0
Target DLL:      UL2CM3.DLL V1.158.5.0
Dialog DLL:      TARMCM1.DLL V1.10.0.0
 
<h2>Project:</h2>
C:\Users\Peter\Documents\Projects\Workspace-Keil\LPC824\BOKRA485\v1.30\BOKRA485\BOKRA485.uvprojx
Project File Date:  01/25/2020

<h2>Output:</h2>
*** Using Compiler 'V5.06 update 3 (build 300)', folder: 'C:\Keil_v5\ARM\ARMCC\Bin'
Rebuild target 'Debug'
creating preprocessor file for acmp_8xx.c...
compiling acmp_8xx.c...
creating preprocessor file for adc_8xx.c...
compiling adc_8xx.c...
creating preprocessor file for clock_8xx.c...
compiling clock_8xx.c...
creating preprocessor file for crc_8xx.c...
compiling crc_8xx.c...
creating preprocessor file for dma_8xx.c...
compiling dma_8xx.c...
creating preprocessor file for gpio_8xx.c...
compiling gpio_8xx.c...
creating preprocessor file for i2c_common_8xx.c...
compiling i2c_common_8xx.c...
creating preprocessor file for i2cm_8xx.c...
compiling i2cm_8xx.c...
creating preprocessor file for i2cs_8xx.c...
compiling i2cs_8xx.c...
creating preprocessor file for iap.c...
compiling iap.c...
creating preprocessor file for iocon_8xx.c...
compiling iocon_8xx.c...
creating preprocessor file for irc_8xx.c...
compiling irc_8xx.c...
creating preprocessor file for pinint_8xx.c...
compiling pinint_8xx.c...
creating preprocessor file for pmu_8xx.c...
compiling pmu_8xx.c...
creating preprocessor file for ring_buffer.c...
compiling ring_buffer.c...
creating preprocessor file for sct_8xx.c...
compiling sct_8xx.c...
creating preprocessor file for sct_pwm_8xx.c...
compiling sct_pwm_8xx.c...
creating preprocessor file for spi_8xx.c...
compiling spi_8xx.c...
creating preprocessor file for spim_8xx.c...
compiling spim_8xx.c...
creating preprocessor file for spis_8xx.c...
compiling spis_8xx.c...
creating preprocessor file for stopwatch_8xx.c...
compiling stopwatch_8xx.c...
creating preprocessor file for swm_8xx.c...
compiling swm_8xx.c...
creating preprocessor file for syscon_8xx.c...
compiling syscon_8xx.c...
creating preprocessor file for sysinit_8xx.c...
compiling sysinit_8xx.c...
creating preprocessor file for uart_8xx.c...
compiling uart_8xx.c...
creating preprocessor file for wkt_8xx.c...
compiling wkt_8xx.c...
creating preprocessor file for wwdt_8xx.c...
compiling wwdt_8xx.c...
assembling startup_LPC824.s...
creating preprocessor file for system_LPC824.c...
compiling system_LPC824.c...
creating preprocessor file for brd_BOKRA_LPC824_Lite.c...
compiling brd_BOKRA_LPC824_Lite.c...
creating preprocessor file for main.c...
compiling main.c...
linking...
Program Size: Code=10120 RO-data=588 RW-data=24 ZI-data=2416  
FromELF: creating hex file...
After Build - User command #1: C:\Keil_v5\ARM\ARMCC\bin\fromelf.exe --bin --output=./Objects/firmware.bin -z "C:\Users\Peter\Documents\Projects\Workspace-Keil\LPC824\BOKRA485\v1.30\BOKRA485\Objects\BOKRA485.axf"
".\Objects\BOKRA485.axf" - 0 Error(s), 0 Warning(s).

<h2>Collection of Component include folders:</h2>
  C:\Users\Peter\Documents\Projects\Workspace-Keil\LPC824\BOKRA485\v1.30\BOKRA485\RTE
  C:\Keil_v5\ARM\PACK\Keil\LPC800_DFP\1.10.1\Device\Include

<h2>Collection of Component Files used:</h2>
Build Time Elapsed:  00:00:15
</pre>
</body>
</html>
