Component: ARM Compiler 5.06 update 3 (build 300) Tool: armlink [4d35c9]

==============================================================================

Loading Objects.

Loading object acmp_8xx.o.
              definition:  __ARM_asm.debug_abbrev.1
              definition:  __asm___10_acmp_8xx_c_01bd7939____REV16
              definition:  __asm___10_acmp_8xx_c_01bd7939____REVSH
              definition:  __ARM_grp..debug_abbrev.group.2_Am0000_lbphKItke$2_000000
              definition:  __ARM_grp..debug_info$acmp_8xx.c$.2_8t0000_VJyoB3Dk0H7_300000
              definition:  __ARM_grp..debug_info$acmp_8xx.h$.2_AE1000_4uyyuxC7BN0_900000
              definition:  __ARM_grp..debug_info$adc_8xx.h$.2_Mg3000_pHFUPuAsBk2_y00000
              definition:  __ARM_grp..debug_info$chip.h$.2_SG4000_42IJOSwmLJe_h00000
              definition:  __ARM_grp..debug_info$clock_8xx.h$.2_4R1000_RN7VEwzpxi5_p00000
              definition:  __ARM_grp..debug_info$cmsis.h$.2_cJ0000_c4FJYCKrCzb_300000
              definition:  __ARM_grp..debug_info$cmsis_armcc.h$.2_8_1000_RDHI9yUYjYe_O00000
              definition:  __ARM_grp..debug_info$cmsis_compiler.h$.2_Av0000_CpMrLgINLO6_300000
              definition:  __ARM_grp..debug_info$cmsis_version.h$.2_Ix0000_ebXF4TdjlW0_300000
              definition:  __ARM_grp..debug_info$core_cm0plus.h$.2_sv4000_3A9OGky$5Ic_110000
              definition:  __ARM_grp..debug_info$crc_8xx.h$.2_kC1000_C5J1zvTG5O2_m00000
              definition:  __ARM_grp..debug_info$dma_8xx.h$.2_ZM5000_0$H9fwbWeA6_d10000
              definition:  __ARM_grp..debug_info$error_8xx.h$.2_8J0000_j4o$He2Xhc1_300000
              definition:  __ARM_grp..debug_info$fmc_8xx.h$.2_4p1000_V4Zoy95XzU7_f00000
              definition:  __ARM_grp..debug_info$gpio_8xx.h$.2_0S1000_fXTVfC6l6Wa_g10000
              definition:  __ARM_grp..debug_info$i2c_common_8xx.h$.2_c33000_018yZRVkd28_g00000
              definition:  __ARM_grp..debug_info$i2cm_8xx.h$.2_0z2000_cf3MnZRvk27_I00000
              definition:  __ARM_grp..debug_info$i2cs_8xx.h$.2_YC2000_KvGfF9B5MO6_Y00000
              definition:  __ARM_grp..debug_info$iap.h$.2_sQ0000_bdy1qVqDTm9_300000
              definition:  __ARM_grp..debug_info$inmux_8xx.h$.2_UU2000_$02cJXNCu_3_I00000
              definition:  __ARM_grp..debug_info$iocon_8xx.h$.2_gK1000_EW19jOzXkUb_b00000
              definition:  __ARM_grp..debug_info$irc_8xx.h$.2_Es0000_SQEia1XJtsf_300000
              definition:  __ARM_grp..debug_info$lpc_types.h$.2_4B1000_d9lRob7vIHe_f00000
              definition:  __ARM_grp..debug_info$mrt_8xx.h$.2_MR1000_O2tWuYM4rOd_n00000
              definition:  __ARM_grp..debug_info$pinint_8xx.h$.2_422000_cLZ_u1mXXdc_q00000
              definition:  __ARM_grp..debug_info$pmu_8xx.h$.2_wz1000_L0$mQQf3Zka_h00000
              definition:  __ARM_grp..debug_info$ring_buffer.h$.2_on1000_9uj1OQrvpc7_800000
              definition:  __ARM_grp..debug_info$rom_i2c_8xx.h$.2_YT1000_2xQPOxQiWd9_E00000
              definition:  __ARM_grp..debug_info$rom_pwr_8xx.h$.2_ko1000_gJm7LdZ55id_700000
              definition:  __ARM_grp..debug_info$rom_uart_8xx.h$.2_ME1000_7s5FmIaqmaa_r00000
              definition:  __ARM_grp..debug_info$romapi_8xx.h$.2_cL2000_J2sWEem5wn9_b10000
              definition:  __ARM_grp..debug_info$sct_8xx.h$.2_gF2000_JXvKRclUAN1_C00000
              definition:  __ARM_grp..debug_info$sct_pwm_8xx.h$.2_Em2000_f95i0cw2kh9_W00000
              definition:  __ARM_grp..debug_info$spi_8xx.h$.2_YO2000_3$Mt6efccGd_510000
              definition:  __ARM_grp..debug_info$spi_common_8xx.h$.2_sh3000_6Yps8QOwn88_x00000
              definition:  __ARM_grp..debug_info$spim_8xx.h$.2_8L2000_ex5d8jbSylb_P00000
              definition:  __ARM_grp..debug_info$spis_8xx.h$.2_kL2000_G1Tria3cL_d_I00000
              definition:  __ARM_grp..debug_info$stdbool.h$.2_Au0000_4Yh$Ew_2Zj7_300000
              definition:  __ARM_grp..debug_info$stdint.h$.2_8G1000_F4ZzxeQm_w6_300000
              definition:  __ARM_grp..debug_info$swm_8xx.h$.2_oF1000_Z3eLGZ0PNqd_800000
              definition:  __ARM_grp..debug_info$sys_config.h$.2_It0000_rAEPDj791r5_300000
              definition:  __ARM_grp..debug_info$syscon_8xx.h$.2_833000_LhP$6oNXooe_L00000
              definition:  __ARM_grp..debug_info$uart_8xx.h$.2_or2000_UlFVJ8pOAE8_o00000
              definition:  __ARM_grp..debug_info$wkt_8xx.h$.2_kn1000_D_6$M$Ga7h5_900000
              definition:  __ARM_grp..debug_info$wwdt_8xx.h$.2_Qy1000_Q5WI6EM5X88_h00000
              definition:  __ARM_grp.acmp_8xx.c.2_8t0000_VJyoB3Dk0H7_300000
              definition:  __ARM_grp.acmp_8xx.h.2_AE1000_4uyyuxC7BN0_900000
              definition:  __ARM_grp.adc_8xx.h.2_Mg3000_pHFUPuAsBk2_y00000
              definition:  __ARM_grp.chip.h.2_SG4000_42IJOSwmLJe_h00000
              definition:  __ARM_grp.clock_8xx.h.2_4R1000_RN7VEwzpxi5_p00000
              definition:  __ARM_grp.cmsis.h.2_cJ0000_c4FJYCKrCzb_300000
[...]
 * USART0_IRQHandler from main.o(i.USART0_IRQHandler) referenced from startup_lpc824.o(RESET)
 * USART1_IRQHandler from startup_lpc824.o(.text) referenced from startup_lpc824.o(RESET)
 * USART2_IRQHandler from startup_lpc824.o(.text) referenced from startup_lpc824.o(RESET)
 * WDT_IRQHandler from startup_lpc824.o(.text) referenced from startup_lpc824.o(RESET)
 * WKT_IRQHandler from startup_lpc824.o(.text) referenced from startup_lpc824.o(RESET)
 * __main from __main.o(!!!main) referenced from startup_lpc824.o(.text)
 * _get_lc_ctype from lc_ctype_c.o(locale$$code) referenced from rt_ctype_table.o(.text)
 * _printf_input_char from _printf_char_common.o(.text) referenced from _printf_char_common.o(.text)
 * _sputc from _sputc.o(.text) referenced from __2sprintf.o(.text)
Creating output file .\Objects\BOKRA485.axf.

==============================================================================

Image Symbol Table

    Local Symbols

    Symbol Name                              Value     Ov Type        Size  Object(Section)

    RESET                                    0x00000000   Section      192  startup_lpc824.o(RESET)
    ../clib/angel/boardlib.s                 0x00000000   Number         0  boardinit2.o ABSOLUTE
    ../clib/angel/boardlib.s                 0x00000000   Number         0  boardinit1.o ABSOLUTE
    ../clib/angel/boardlib.s                 0x00000000   Number         0  boardshut.o ABSOLUTE
    ../clib/angel/boardlib.s                 0x00000000   Number         0  boardinit3.o ABSOLUTE
    ../clib/angel/handlers.s                 0x00000000   Number         0  __scatter_copy.o ABSOLUTE
    ../clib/angel/handlers.s                 0x00000000   Number         0  __scatter_zi.o ABSOLUTE
    ../clib/angel/kernel.s                   0x00000000   Number         0  __rtentry2.o ABSOLUTE
    ../clib/angel/kernel.s                   0x00000000   Number         0  __rtentry5.o ABSOLUTE
    ../clib/angel/kernel.s                   0x00000000   Number         0  __rtentry.o ABSOLUTE
    ../clib/angel/kernel.s                   0x00000000   Number         0  rtexit.o ABSOLUTE
    ../clib/angel/kernel.s                   0x00000000   Number         0  __rtentry4.o ABSOLUTE
    ../clib/angel/kernel.s                   0x00000000   Number         0  rtexit2.o ABSOLUTE
    ../clib/angel/rt.s                       0x00000000   Number         0  aeabi_idiv0_sigfpe.o ABSOLUTE
    ../clib/angel/rt.s                       0x00000000   Number         0  rt_errno_addr_intlibspace.o ABSOLUTE
    ../clib/angel/rt.s                       0x00000000   Number         0  rt_errno_addr.o ABSOLUTE
    ../clib/angel/rt.s                       0x00000000   Number         0  aeabi_ldiv0_sigfpe.o ABSOLUTE
    ../clib/angel/rt.s                       0x00000000   Number         0  aeabi_idiv0.o ABSOLUTE
    ../clib/angel/rt.s                       0x00000000   Number         0  rt_ctype_table.o ABSOLUTE
    ../clib/angel/rt.s                       0x00000000   Number         0  rt_raise.o ABSOLUTE
    ../clib/angel/rt.s                       0x00000000   Number         0  rt_div0.o ABSOLUTE
    ../clib/angel/rt.s                       0x00000000   Number         0  rt_locale.o ABSOLUTE
    ../clib/angel/rt.s                       0x00000000   Number         0  rt_locale_intlibspace.o ABSOLUTE
    ../clib/angel/rt.s                       0x00000000   Number         0  aeabi_ldiv0.o ABSOLUTE
    ../clib/angel/scatterp.s                 0x00000000   Number         0  __scatter.o ABSOLUTE
    ../clib/angel/startup.s                  0x00000000   Number         0  __main.o ABSOLUTE
    ../clib/angel/sys.s                      0x00000000   Number         0  indicate_semi.o ABSOLUTE
    ../clib/angel/sys.s                      0x00000000   Number         0  sys_stackheap_outer.o ABSOLUTE
    ../clib/angel/sys.s                      0x00000000   Number         0  libspace.o ABSOLUTE
    ../clib/angel/sys.s                      0x00000000   Number         0  use_no_semi.o ABSOLUTE
    ../clib/angel/sys.s                      0x00000000   Number         0  tempstk.o ABSOLUTE
    ../clib/angel/sys.s                      0x00000000   Number         0  sys_stackheap.o ABSOLUTE
    ../clib/angel/sysapp.c                   0x00000000   Number         0  sys_exit.o ABSOLUTE
    ../clib/angel/sysapp.c                   0x00000000   Number         0  sys_command.o ABSOLUTE
    ../clib/angel/sysapp.c                   0x00000000   Number         0  sys_wrch.o ABSOLUTE
    ../clib/armsys.c                         0x00000000   Number         0  no_argv.o ABSOLUTE
    ../clib/armsys.c                         0x00000000   Number         0  _get_argv_nomalloc.o ABSOLUTE
    ../clib/armsys.c                         0x00000000   Number         0  argv_veneer.o ABSOLUTE
    ../clib/ctype.c                          0x00000000   Number         0  toupper.o ABSOLUTE
    ../clib/division.c                       0x00000000   Number         0  rtudiv10.o ABSOLUTE
    ../clib/division.c                       0x00000000   Number         0  lludiv.o ABSOLUTE
    ../clib/division.s                       0x00000000   Number         0  aeabi_sdiv_div0.o ABSOLUTE
    ../clib/division.s                       0x00000000   Number         0  aeabi_sdiv.o ABSOLUTE
    ../clib/heapalloc.c                      0x00000000   Number         0  hrguard.o ABSOLUTE
    ../clib/heapaux.c                        0x00000000   Number         0  heapauxi.o ABSOLUTE
    ../clib/libinit.s                        0x00000000   Number         0  libinit2.o ABSOLUTE
    ../clib/libinit.s                        0x00000000   Number         0  libinit.o ABSOLUTE
    ../clib/libinit.s                        0x00000000   Number         0  libshutdown2.o ABSOLUTE
    ../clib/libinit.s                        0x00000000   Number         0  libinit3.o ABSOLUTE
    ../clib/libinit.s                        0x00000000   Number         0  libshutdown.o ABSOLUTE
    ../clib/locale.s                         0x00000000   Number         0  lc_ctype_c.o ABSOLUTE
    ../clib/longlong.c                       0x00000000   Number         0  llmul.o ABSOLUTE
    ../clib/memcpset.c                       0x00000000   Number         0  rt_memcpy.o ABSOLUTE
    ../clib/memcpset.c                       0x00000000   Number         0  rt_memclr.o ABSOLUTE
    ../clib/memcpset.c                       0x00000000   Number         0  rt_memcpy.o ABSOLUTE
    ../clib/misc.s                           0x00000000   Number         0  printf_stubs.o ABSOLUTE
    ../clib/printf.c                         0x00000000   Number         0  __printf_flags_ss_wp.o ABSOLUTE
    ../clib/printf.c                         0x00000000   Number         0  __printf_ss_wp.o ABSOLUTE
    ../clib/printf.c                         0x00000000   Number         0  __printf_flags_wp.o ABSOLUTE
    ../clib/printf.c                         0x00000000   Number         0  __printf_wp.o ABSOLUTE
    ../clib/printf.c                         0x00000000   Number         0  __printf_flags_ss.o ABSOLUTE
    ../clib/printf.c                         0x00000000   Number         0  _printf_pad.o ABSOLUTE
    ../clib/printf.c                         0x00000000   Number         0  __printf.o ABSOLUTE
    ../clib/printf.c                         0x00000000   Number         0  _printf_intcommon.o ABSOLUTE
    ../clib/printf.c                         0x00000000   Number         0  _printf_dec.o ABSOLUTE
    ../clib/printf.c                         0x00000000   Number         0  noretval__2sprintf.o ABSOLUTE
    ../clib/printf.c                         0x00000000   Number         0  __2sprintf.o ABSOLUTE
    ../clib/printf.c                         0x00000000   Number         0  __printf_flags.o ABSOLUTE
    ../clib/printf.c                         0x00000000   Number         0  __printf_ss.o ABSOLUTE
    ../clib/printf.c                         0x00000000   Number         0  _printf_char_common.o ABSOLUTE
    ../clib/printf.c                         0x00000000   Number         0  _sputc.o ABSOLUTE
    ../clib/printf.c                         0x00000000   Number         0  __printf_nopercent.o ABSOLUTE
    ../clib/printf_percent.s                 0x00000000   Number         0  _printf_percent_end.o ABSOLUTE
    ../clib/printf_percent.s                 0x00000000   Number         0  _printf_percent.o ABSOLUTE
    ../clib/printf_percent.s                 0x00000000   Number         0  _printf_d.o ABSOLUTE
    ../clib/scanf.c                          0x00000000   Number         0  _chval.o ABSOLUTE
    ../clib/scanf.c                          0x00000000   Number         0  strtoul.o ABSOLUTE
    ../clib/scanf.c                          0x00000000   Number         0  _strtoul.o ABSOLUTE
    ../clib/signal.c                         0x00000000   Number         0  defsig_other.o ABSOLUTE
    ../clib/signal.c                         0x00000000   Number         0  defsig_segv_inner.o ABSOLUTE
    ../clib/signal.c                         0x00000000   Number         0  defsig_cppl_inner.o ABSOLUTE
    ../clib/signal.c                         0x00000000   Number         0  defsig_pvfn_inner.o ABSOLUTE
    ../clib/signal.c                         0x00000000   Number         0  defsig_stak_inner.o ABSOLUTE
    ../clib/signal.c                         0x00000000   Number         0  defsig_rtred_inner.o ABSOLUTE
    ../clib/signal.c                         0x00000000   Number         0  defsig_abrt_inner.o ABSOLUTE
    ../clib/signal.c                         0x00000000   Number         0  defsig_rtmem_formal.o ABSOLUTE
    ../clib/signal.c                         0x00000000   Number         0  defsig_rtmem_outer.o ABSOLUTE
    ../clib/signal.c                         0x00000000   Number         0  defsig_general.o ABSOLUTE
    ../clib/signal.c                         0x00000000   Number         0  __raise.o ABSOLUTE
    ../clib/signal.c                         0x00000000   Number         0  defsig_fpe_inner.o ABSOLUTE
    ../clib/signal.c                         0x00000000   Number         0  defsig_exit.o ABSOLUTE
    ../clib/signal.c                         0x00000000   Number         0  defsig_fpe_formal.o ABSOLUTE
    ../clib/signal.c                         0x00000000   Number         0  defsig_fpe_outer.o ABSOLUTE
    ../clib/signal.c                         0x00000000   Number         0  defsig_rtmem_inner.o ABSOLUTE
    ../clib/signal.s                         0x00000000   Number         0  defsig.o ABSOLUTE
    ../clib/stdlib.c                         0x00000000   Number         0  exit.o ABSOLUTE
    ../clib/string.c                         0x00000000   Number         0  strcmp.o ABSOLUTE
    ../clib/string.c                         0x00000000   Number         0  strlen.o ABSOLUTE
    ../clib/string.c                         0x00000000   Number         0  strncmp.o ABSOLUTE
    ../clib/string.c                         0x00000000   Number         0  strtok_int.o ABSOLUTE
    ../clib/string.c                         0x00000000   Number         0  strcspn.o ABSOLUTE
    ../clib/string.c                         0x00000000   Number         0  strtok.o ABSOLUTE
    ../clib/string.c                         0x00000000   Number         0  strspn.o ABSOLUTE
    ../fplib/cfplib/fpinit.c                 0x00000000   Number         0  fpinit.o ABSOLUTE
    Hardware\\brd_BOKRA_LPC824_Lite.c        0x00000000   Number         0  brd_bokra_lpc824_lite.o ABSOLUTE
    Hardware\brd_BOKRA_LPC824_Lite.c         0x00000000   Number         0  brd_bokra_lpc824_lite.o ABSOLUTE
    dc.s                                     0x00000000   Number         0  dc.o ABSOLUTE
    lpc_chip_82x\\src\\acmp_8xx.c            0x00000000   Number         0  acmp_8xx.o ABSOLUTE
    lpc_chip_82x\\src\\adc_8xx.c             0x00000000   Number         0  adc_8xx.o ABSOLUTE
    lpc_chip_82x\\src\\clock_8xx.c           0x00000000   Number         0  clock_8xx.o ABSOLUTE
    lpc_chip_82x\\src\\crc_8xx.c             0x00000000   Number         0  crc_8xx.o ABSOLUTE
    lpc_chip_82x\\src\\dma_8xx.c             0x00000000   Number         0  dma_8xx.o ABSOLUTE
    lpc_chip_82x\\src\\gpio_8xx.c            0x00000000   Number         0  gpio_8xx.o ABSOLUTE
    lpc_chip_82x\\src\\i2c_common_8xx.c      0x00000000   Number         0  i2c_common_8xx.o ABSOLUTE
    lpc_chip_82x\\src\\i2cm_8xx.c            0x00000000   Number         0  i2cm_8xx.o ABSOLUTE
    lpc_chip_82x\\src\\i2cs_8xx.c            0x00000000   Number         0  i2cs_8xx.o ABSOLUTE
    lpc_chip_82x\\src\\iap.c                 0x00000000   Number         0  iap.o ABSOLUTE
    lpc_chip_82x\\src\\iocon_8xx.c           0x00000000   Number         0  iocon_8xx.o ABSOLUTE
    lpc_chip_82x\\src\\irc_8xx.c             0x00000000   Number         0  irc_8xx.o ABSOLUTE
    lpc_chip_82x\\src\\pinint_8xx.c          0x00000000   Number         0  pinint_8xx.o ABSOLUTE
    lpc_chip_82x\\src\\pmu_8xx.c             0x00000000   Number         0  pmu_8xx.o ABSOLUTE
    lpc_chip_82x\\src\\sct_8xx.c             0x00000000   Number         0  sct_8xx.o ABSOLUTE
    lpc_chip_82x\\src\\sct_pwm_8xx.c         0x00000000   Number         0  sct_pwm_8xx.o ABSOLUTE
    lpc_chip_82x\\src\\spi_8xx.c             0x00000000   Number         0  spi_8xx.o ABSOLUTE
    lpc_chip_82x\\src\\spim_8xx.c            0x00000000   Number         0  spim_8xx.o ABSOLUTE
    lpc_chip_82x\\src\\spis_8xx.c            0x00000000   Number         0  spis_8xx.o ABSOLUTE
    lpc_chip_82x\\src\\stopwatch_8xx.c       0x00000000   Number         0  stopwatch_8xx.o ABSOLUTE
    lpc_chip_82x\\src\\swm_8xx.c             0x00000000   Number         0  swm_8xx.o ABSOLUTE
    lpc_chip_82x\\src\\syscon_8xx.c          0x00000000   Number         0  syscon_8xx.o ABSOLUTE
    lpc_chip_82x\\src\\sysinit_8xx.c         0x00000000   Number         0  sysinit_8xx.o ABSOLUTE
    lpc_chip_82x\\src\\uart_8xx.c            0x00000000   Number         0  uart_8xx.o ABSOLUTE
    lpc_chip_82x\\src\\wkt_8xx.c             0x00000000   Number         0  wkt_8xx.o ABSOLUTE
    lpc_chip_82x\\src\\wwdt_8xx.c            0x00000000   Number         0  wwdt_8xx.o ABSOLUTE
    lpc_chip_82x\\system_LPC824.c            0x00000000   Number         0  system_lpc824.o ABSOLUTE
    lpc_chip_82x\src\acmp_8xx.c              0x00000000   Number         0  acmp_8xx.o ABSOLUTE
    lpc_chip_82x\src\adc_8xx.c               0x00000000   Number         0  adc_8xx.o ABSOLUTE
    lpc_chip_82x\src\clock_8xx.c             0x00000000   Number         0  clock_8xx.o ABSOLUTE
    lpc_chip_82x\src\crc_8xx.c               0x00000000   Number         0  crc_8xx.o ABSOLUTE
    lpc_chip_82x\src\dma_8xx.c               0x00000000   Number         0  dma_8xx.o ABSOLUTE
    lpc_chip_82x\src\gpio_8xx.c              0x00000000   Number         0  gpio_8xx.o ABSOLUTE
    lpc_chip_82x\src\i2c_common_8xx.c        0x00000000   Number         0  i2c_common_8xx.o ABSOLUTE
    lpc_chip_82x\src\i2cm_8xx.c              0x00000000   Number         0  i2cm_8xx.o ABSOLUTE
    lpc_chip_82x\src\i2cs_8xx.c              0x00000000   Number         0  i2cs_8xx.o ABSOLUTE
    lpc_chip_82x\src\iap.c                   0x00000000   Number         0  iap.o ABSOLUTE
    lpc_chip_82x\src\iocon_8xx.c             0x00000000   Number         0  iocon_8xx.o ABSOLUTE
    lpc_chip_82x\src\irc_8xx.c               0x00000000   Number         0  irc_8xx.o ABSOLUTE
    lpc_chip_82x\src\pinint_8xx.c            0x00000000   Number         0  pinint_8xx.o ABSOLUTE
    lpc_chip_82x\src\pmu_8xx.c               0x00000000   Number         0  pmu_8xx.o ABSOLUTE
    lpc_chip_82x\src\ring_buffer.c           0x00000000   Number         0  ring_buffer.o ABSOLUTE
    lpc_chip_82x\src\sct_8xx.c               0x00000000   Number         0  sct_8xx.o ABSOLUTE
    lpc_chip_82x\src\sct_pwm_8xx.c           0x00000000   Number         0  sct_pwm_8xx.o ABSOLUTE
    lpc_chip_82x\src\spi_8xx.c               0x00000000   Number         0  spi_8xx.o ABSOLUTE
    lpc_chip_82x\src\spim_8xx.c              0x00000000   Number         0  spim_8xx.o ABSOLUTE
    lpc_chip_82x\src\spis_8xx.c              0x00000000   Number         0  spis_8xx.o ABSOLUTE
    lpc_chip_82x\src\stopwatch_8xx.c         0x00000000   Number         0  stopwatch_8xx.o ABSOLUTE
    lpc_chip_82x\src\swm_8xx.c               0x00000000   Number         0  swm_8xx.o ABSOLUTE
    lpc_chip_82x\src\syscon_8xx.c            0x00000000   Number         0  syscon_8xx.o ABSOLUTE
    lpc_chip_82x\src\sysinit_8xx.c           0x00000000   Number         0  sysinit_8xx.o ABSOLUTE
    lpc_chip_82x\src\uart_8xx.c              0x00000000   Number         0  uart_8xx.o ABSOLUTE
    lpc_chip_82x\src\wkt_8xx.c               0x00000000   Number         0  wkt_8xx.o ABSOLUTE
    lpc_chip_82x\src\wwdt_8xx.c              0x00000000   Number         0  wwdt_8xx.o ABSOLUTE
    lpc_chip_82x\startup_LPC824.s            0x00000000   Number         0  startup_lpc824.o ABSOLUTE
    lpc_chip_82x\system_LPC824.c             0x00000000   Number         0  system_lpc824.o ABSOLUTE
    main.c                                   0x00000000   Number         0  main.o ABSOLUTE
    main.c                                   0x00000000   Number         0  main.o ABSOLUTE
    !!!main                                  0x000000c0   Section        8  __main.o(!!!main)
    !!!scatter                               0x000000c8   Section       60  __scatter.o(!!!scatter)
    !!handler_copy                           0x00000104   Section       26  __scatter_copy.o(!!handler_copy)
    !!handler_zi                             0x00000120   Section       28  __scatter_zi.o(!!handler_zi)
    .ARM.Collect$$_printf_percent$$00000000  0x0000013c   Section        2  _printf_percent.o(.ARM.Collect$$_printf_percent$$00000000)
    .ARM.Collect$$_printf_percent$$00000009  0x0000013e   Section       10  _printf_d.o(.ARM.Collect$$_printf_percent$$00000009)
    .ARM.Collect$$_printf_percent$$00000017  0x00000148   Section        4  _printf_percent_end.o(.ARM.Collect$$_printf_percent$$00000017)
    .ARM.Collect$$libinit$$00000000          0x0000014c   Section        2  libinit.o(.ARM.Collect$$libinit$$00000000)
    .ARM.Collect$$libinit$$00000002          0x0000014e   Section        0  libinit2.o(.ARM.Collect$$libinit$$00000002)
    .ARM.Collect$$libinit$$00000004          0x0000014e   Section        0  libinit2.o(.ARM.Collect$$libinit$$00000004)
    .ARM.Collect$$libinit$$0000000A          0x0000014e   Section        0  libinit2.o(.ARM.Collect$$libinit$$0000000A)
    .ARM.Collect$$libinit$$0000000C          0x0000014e   Section        0  libinit2.o(.ARM.Collect$$libinit$$0000000C)
    .ARM.Collect$$libinit$$0000000E          0x0000014e   Section        0  libinit2.o(.ARM.Collect$$libinit$$0000000E)
    .ARM.Collect$$libinit$$0000000F          0x0000014e   Section        6  libinit2.o(.ARM.Collect$$libinit$$0000000F)
    .ARM.Collect$$libinit$$00000011          0x00000154   Section        0  libinit2.o(.ARM.Collect$$libinit$$00000011)
    .ARM.Collect$$libinit$$00000012          0x00000154   Section       12  libinit2.o(.ARM.Collect$$libinit$$00000012)
    .ARM.Collect$$libinit$$00000013          0x00000160   Section        0  libinit2.o(.ARM.Collect$$libinit$$00000013)
    .ARM.Collect$$libinit$$00000015          0x00000160   Section        0  libinit2.o(.ARM.Collect$$libinit$$00000015)
    .ARM.Collect$$libinit$$00000017          0x00000160   Section        0  libinit2.o(.ARM.Collect$$libinit$$00000017)
    .ARM.Collect$$libinit$$00000019          0x00000160   Section        0  libinit2.o(.ARM.Collect$$libinit$$00000019)
    .ARM.Collect$$libinit$$0000001B          0x00000160   Section        0  libinit2.o(.ARM.Collect$$libinit$$0000001B)
    .ARM.Collect$$libinit$$0000001D          0x00000160   Section        0  libinit2.o(.ARM.Collect$$libinit$$0000001D)
    .ARM.Collect$$libinit$$0000001F          0x00000160   Section        0  libinit2.o(.ARM.Collect$$libinit$$0000001F)
    .ARM.Collect$$libinit$$00000021          0x00000160   Section        0  libinit2.o(.ARM.Collect$$libinit$$00000021)
    .ARM.Collect$$libinit$$00000023          0x00000160   Section        0  libinit2.o(.ARM.Collect$$libinit$$00000023)
    .ARM.Collect$$libinit$$00000025          0x00000160   Section        0  libinit2.o(.ARM.Collect$$libinit$$00000025)
    .ARM.Collect$$libinit$$0000002C          0x00000160   Section        0  libinit2.o(.ARM.Collect$$libinit$$0000002C)
    .ARM.Collect$$libinit$$0000002E          0x00000160   Section        0  libinit2.o(.ARM.Collect$$libinit$$0000002E)
    .ARM.Collect$$libinit$$00000030          0x00000160   Section        0  libinit2.o(.ARM.Collect$$libinit$$00000030)
    .ARM.Collect$$libinit$$00000032          0x00000160   Section        0  libinit2.o(.ARM.Collect$$libinit$$00000032)
    .ARM.Collect$$libinit$$00000033          0x00000160   Section        2  libinit2.o(.ARM.Collect$$libinit$$00000033)
    .ARM.Collect$$libshutdown$$00000000      0x00000162   Section        2  libshutdown.o(.ARM.Collect$$libshutdown$$00000000)
    .ARM.Collect$$libshutdown$$00000002      0x00000164   Section        0  libshutdown2.o(.ARM.Collect$$libshutdown$$00000002)
    .ARM.Collect$$libshutdown$$00000004      0x00000164   Section        0  libshutdown2.o(.ARM.Collect$$libshutdown$$00000004)
    .ARM.Collect$$libshutdown$$00000007      0x00000164   Section        0  libshutdown2.o(.ARM.Collect$$libshutdown$$00000007)
    .ARM.Collect$$libshutdown$$0000000A      0x00000164   Section        0  libshutdown2.o(.ARM.Collect$$libshutdown$$0000000A)
    .ARM.Collect$$libshutdown$$0000000C      0x00000164   Section        0  libshutdown2.o(.ARM.Collect$$libshutdown$$0000000C)
    .ARM.Collect$$libshutdown$$0000000F      0x00000164   Section        0  libshutdown2.o(.ARM.Collect$$libshutdown$$0000000F)
    .ARM.Collect$$libshutdown$$00000010      0x00000164   Section        2  libshutdown2.o(.ARM.Collect$$libshutdown$$00000010)
    .ARM.Collect$$rtentry$$00000000          0x00000166   Section        0  __rtentry.o(.ARM.Collect$$rtentry$$00000000)
    .ARM.Collect$$rtentry$$00000002          0x00000166   Section        0  __rtentry2.o(.ARM.Collect$$rtentry$$00000002)
    .ARM.Collect$$rtentry$$00000005          0x00000166   Section        4  __rtentry5.o(.ARM.Collect$$rtentry$$00000005)
    .ARM.Collect$$rtentry$$00000009          0x0000016a   Section        0  __rtentry2.o(.ARM.Collect$$rtentry$$00000009)
    .ARM.Collect$$rtentry$$0000000A          0x0000016a   Section        4  __rtentry2.o(.ARM.Collect$$rtentry$$0000000A)
    .ARM.Collect$$rtentry$$0000000C          0x0000016e   Section        0  __rtentry2.o(.ARM.Collect$$rtentry$$0000000C)
    .ARM.Collect$$rtentry$$0000000D          0x0000016e   Section        8  __rtentry2.o(.ARM.Collect$$rtentry$$0000000D)
    .ARM.Collect$$rtentry$$00002716          0x00000178   Section        4  __rtentry5.o(.ARM.Collect$$rtentry$$00002716)
    __lit__00000000                          0x00000178   Data           4  __rtentry5.o(.ARM.Collect$$rtentry$$00002716)
    .ARM.Collect$$rtexit$$00000000           0x0000017c   Section        2  rtexit.o(.ARM.Collect$$rtexit$$00000000)
    .ARM.Collect$$rtexit$$00000002           0x0000017e   Section        0  rtexit2.o(.ARM.Collect$$rtexit$$00000002)
    .ARM.Collect$$rtexit$$00000003           0x0000017e   Section        4  rtexit2.o(.ARM.Collect$$rtexit$$00000003)
    .ARM.Collect$$rtexit$$00000004           0x00000182   Section        6  rtexit2.o(.ARM.Collect$$rtexit$$00000004)
    .emb_text                                0x00000188   Section       56  rt_memcpy.o(.emb_text)
    .text                                    0x000001c0   Section       28  startup_lpc824.o(.text)
    .text                                    0x000001dc   Section        0  llmul.o(.text)
    .text                                    0x0000020c   Section        0  toupper.o(.text)
    .text                                    0x0000022c   Section        0  __2sprintf.o(.text)
    .text                                    0x00000258   Section        0  _printf_pad.o(.text)
    .text                                    0x000002a8   Section        0  strtok.o(.text)
    .text                                    0x000002b8   Section        0  strlen.o(.text)
    .ARM.__at_0x02FC                         0x000002fc   Section        4  startup_lpc824.o(.ARM.__at_0x02FC)
    .text                                    0x00000300   Section        0  lludiv.o(.text)
    .text                                    0x00000404   Section        0  _printf_dec.o(.text)
    .text                                    0x00000470   Section        0  __printf_flags_wp.o(.text)
    .text                                    0x000005a8   Section        0  strtoul.o(.text)
    .text                                    0x00000620   Section        0  strncmp.o(.text)
    .text                                    0x000006c0   Section        0  rt_memcpy.o(.text)
    .text                                    0x00000742   Section        0  rt_memclr.o(.text)
    .text                                    0x00000782   Section      346  aeabi_sdiv.o(.text)
    .text                                    0x000008dc   Section        0  heapauxi.o(.text)
    .text                                    0x000008e4   Section       16  rt_ctype_table.o(.text)
    .text                                    0x000008f4   Section        8  rt_errno_addr_intlibspace.o(.text)
    .text                                    0x000008fc   Section        0  _printf_intcommon.o(.text)
    .text                                    0x000009ac   Section        0  _printf_char_common.o(.text)
    _printf_input_char                       0x000009ad   Thumb Code    10  _printf_char_common.o(.text)
    .text                                    0x000009dc   Section        0  _sputc.o(.text)
    .text                                    0x000009e6   Section        0  _strtoul.o(.text)
    .text                                    0x00000a8c   Section        0  strtok_int.o(.text)
    .text                                    0x00000ad4   Section        0  rtudiv10.o(.text)
    .text                                    0x00000afc   Section        8  rt_locale_intlibspace.o(.text)
    .text                                    0x00000b04   Section        0  _chval.o(.text)
    .text                                    0x00000b22   Section        0  strcspn.o(.text)
    .text                                    0x00000b44   Section        0  strspn.o(.text)
    .text                                    0x00000b64   Section        0  exit.o(.text)
    .text                                    0x00000b74   Section        0  strcmp.o(.text)
    .text                                    0x00000bfc   Section        0  sys_exit.o(.text)
    .text                                    0x00000c08   Section        2  use_no_semi.o(.text)
    .text                                    0x00000c0a   Section        0  indicate_semi.o(.text)
    i.App_Init                               0x00000c0c   Section        0  main.o(i.App_Init)
    i.Board_Clock_Init                       0x00000c44   Section        0  brd_bokra_lpc824_lite.o(i.Board_Clock_Init)
    i.Board_I2C_Init                         0x00000cc4   Section        0  brd_bokra_lpc824_lite.o(i.Board_I2C_Init)
    i.Board_Init                             0x00000d64   Section        0  brd_bokra_lpc824_lite.o(i.Board_Init)
    i.Board_MCU_Pin_Init                     0x00000dc4   Section        0  brd_bokra_lpc824_lite.o(i.Board_MCU_Pin_Init)
    Board_MCU_Pin_Init                       0x00000dc5   Thumb Code   356  brd_bokra_lpc824_lite.o(i.Board_MCU_Pin_Init)
    i.Board_UART_Init                        0x00000f2c   Section        0  brd_bokra_lpc824_lite.o(i.Board_UART_Init)
    i.CLOCK_GetSystemPLLInClkRate            0x00000f94   Section        0  system_lpc824.o(i.CLOCK_GetSystemPLLInClkRate)
    CLOCK_GetSystemPLLInClkRate              0x00000f95   Thumb Code    42  system_lpc824.o(i.CLOCK_GetSystemPLLInClkRate)
    i.Chip_Clock_DisablePeriphClock          0x00000fc8   Section        0  brd_bokra_lpc824_lite.o(i.Chip_Clock_DisablePeriphClock)
    Chip_Clock_DisablePeriphClock            0x00000fc9   Thumb Code    20  brd_bokra_lpc824_lite.o(i.Chip_Clock_DisablePeriphClock)
    i.Chip_Clock_EnablePeriphClock           0x00000fe4   Section        0  brd_bokra_lpc824_lite.o(i.Chip_Clock_EnablePeriphClock)
    Chip_Clock_EnablePeriphClock             0x00000fe5   Thumb Code    20  brd_bokra_lpc824_lite.o(i.Chip_Clock_EnablePeriphClock)
    i.Chip_Clock_GetMainClockRate            0x00001000   Section        0  clock_8xx.o(i.Chip_Clock_GetMainClockRate)
    i.Chip_Clock_GetPLLFreq                  0x0000104c   Section        0  clock_8xx.o(i.Chip_Clock_GetPLLFreq)
    Chip_Clock_GetPLLFreq                    0x0000104d   Thumb Code    14  clock_8xx.o(i.Chip_Clock_GetPLLFreq)
    i.Chip_Clock_GetSystemClockRate          0x0000105c   Section        0  clock_8xx.o(i.Chip_Clock_GetSystemClockRate)
    i.Chip_Clock_GetSystemPLLInClockRate     0x00001078   Section        0  clock_8xx.o(i.Chip_Clock_GetSystemPLLInClockRate)
    i.Chip_Clock_GetSystemPLLOutClockRate    0x000010c4   Section        0  clock_8xx.o(i.Chip_Clock_GetSystemPLLOutClockRate)
    i.Chip_Clock_GetUSARTNBaseClockRate      0x000010e0   Section        0  clock_8xx.o(i.Chip_Clock_GetUSARTNBaseClockRate)
    i.Chip_Clock_GetWDTLFORate               0x00001164   Section        0  clock_8xx.o(i.Chip_Clock_GetWDTLFORate)
    Chip_Clock_GetWDTLFORate                 0x00001165   Thumb Code    28  clock_8xx.o(i.Chip_Clock_GetWDTLFORate)
    i.Chip_Clock_GetWDTOSCRate               0x00001184   Section        0  clock_8xx.o(i.Chip_Clock_GetWDTOSCRate)
    i.Chip_Clock_SetMainClockSource          0x00001198   Section        0  clock_8xx.o(i.Chip_Clock_SetMainClockSource)
    i.Chip_Clock_SetPLLBypass                0x000011ac   Section        0  clock_8xx.o(i.Chip_Clock_SetPLLBypass)
    i.Chip_Clock_SetSystemPLLSource          0x000011cc   Section        0  clock_8xx.o(i.Chip_Clock_SetSystemPLLSource)
    i.Chip_Clock_SetUSARTNBaseClockRate      0x000011e0   Section        0  clock_8xx.o(i.Chip_Clock_SetUSARTNBaseClockRate)
    i.Chip_GPIO_Init                         0x0000127c   Section        0  gpio_8xx.o(i.Chip_GPIO_Init)
    i.Chip_GPIO_SetPinDIR                    0x000012a0   Section        0  brd_bokra_lpc824_lite.o(i.Chip_GPIO_SetPinDIR)
    Chip_GPIO_SetPinDIR                      0x000012a1   Thumb Code    50  brd_bokra_lpc824_lite.o(i.Chip_GPIO_SetPinDIR)
    i.Chip_GPIO_SetPinState                  0x000012d2   Section        0  brd_bokra_lpc824_lite.o(i.Chip_GPIO_SetPinState)
    Chip_GPIO_SetPinState                    0x000012d3   Thumb Code    10  brd_bokra_lpc824_lite.o(i.Chip_GPIO_SetPinState)
    i.Chip_GPIO_WritePortBit                 0x000012dc   Section        0  main.o(i.Chip_GPIO_WritePortBit)
    Chip_GPIO_WritePortBit                   0x000012dd   Thumb Code    10  main.o(i.Chip_GPIO_WritePortBit)
    i.Chip_I2CM_ClearStatus                  0x000012e6   Section        0  i2cm_8xx.o(i.Chip_I2CM_ClearStatus)
    Chip_I2CM_ClearStatus                    0x000012e7   Thumb Code     8  i2cm_8xx.o(i.Chip_I2CM_ClearStatus)
    i.Chip_I2CM_Disable                      0x000012ee   Section        0  main.o(i.Chip_I2CM_Disable)
    Chip_I2CM_Disable                        0x000012ef   Thumb Code    14  main.o(i.Chip_I2CM_Disable)
    i.Chip_I2CM_Enable                       0x000012fc   Section        0  main.o(i.Chip_I2CM_Enable)
    Chip_I2CM_Enable                         0x000012fd   Thumb Code    14  main.o(i.Chip_I2CM_Enable)
    i.Chip_I2CM_SendStop                     0x0000130a   Section        0  i2cm_8xx.o(i.Chip_I2CM_SendStop)
    Chip_I2CM_SendStop                       0x0000130b   Thumb Code     6  i2cm_8xx.o(i.Chip_I2CM_SendStop)
    i.Chip_I2CM_SetBusSpeed                  0x00001310   Section        0  i2cm_8xx.o(i.Chip_I2CM_SetBusSpeed)
    i.Chip_I2CM_SetDutyCycle                 0x00001342   Section        0  i2cm_8xx.o(i.Chip_I2CM_SetDutyCycle)
    Chip_I2CM_SetDutyCycle                   0x00001343   Thumb Code    48  i2cm_8xx.o(i.Chip_I2CM_SetDutyCycle)
    i.Chip_I2CM_WriteByte                    0x00001372   Section        0  i2cm_8xx.o(i.Chip_I2CM_WriteByte)
    Chip_I2CM_WriteByte                      0x00001373   Thumb Code     4  i2cm_8xx.o(i.Chip_I2CM_WriteByte)
    i.Chip_I2CM_Xfer                         0x00001376   Section        0  i2cm_8xx.o(i.Chip_I2CM_Xfer)
    i.Chip_I2CM_XferHandler                  0x000013ac   Section        0  i2cm_8xx.o(i.Chip_I2CM_XferHandler)
    i.Chip_I2C_DisableInt                    0x000014fc   Section        0  i2cm_8xx.o(i.Chip_I2C_DisableInt)
    Chip_I2C_DisableInt                      0x000014fd   Thumb Code     4  i2cm_8xx.o(i.Chip_I2C_DisableInt)
    i.Chip_I2C_DisableInt                    0x00001500   Section        0  main.o(i.Chip_I2C_DisableInt)
    Chip_I2C_DisableInt                      0x00001501   Thumb Code     4  main.o(i.Chip_I2C_DisableInt)
    i.Chip_I2C_EnableInt                     0x00001504   Section        0  main.o(i.Chip_I2C_EnableInt)
    Chip_I2C_EnableInt                       0x00001505   Thumb Code     4  main.o(i.Chip_I2C_EnableInt)
    i.Chip_I2C_Init                          0x00001508   Section        0  i2c_common_8xx.o(i.Chip_I2C_Init)
    i.Chip_IOCON_PinSetI2CMode               0x00001574   Section        0  iocon_8xx.o(i.Chip_IOCON_PinSetI2CMode)
    i.Chip_IOCON_PinSetMode                  0x0000158c   Section        0  iocon_8xx.o(i.Chip_IOCON_PinSetMode)
    i.Chip_IOCON_PinSetOpenDrainMode         0x000015a2   Section        0  iocon_8xx.o(i.Chip_IOCON_PinSetOpenDrainMode)
    i.Chip_SWM_FixedPinEnable                0x000015d0   Section        0  swm_8xx.o(i.Chip_SWM_FixedPinEnable)
    i.Chip_SWM_MovablePinAssign              0x00001610   Section        0  swm_8xx.o(i.Chip_SWM_MovablePinAssign)
    i.Chip_SYSCTL_PeriphReset                0x0000163c   Section        0  uart_8xx.o(i.Chip_SYSCTL_PeriphReset)
    Chip_SYSCTL_PeriphReset                  0x0000163d   Thumb Code    46  uart_8xx.o(i.Chip_SYSCTL_PeriphReset)
    i.Chip_SYSCTL_PowerUp                    0x00001674   Section        0  syscon_8xx.o(i.Chip_SYSCTL_PowerUp)
    i.Chip_SYSCTL_SetUSARTFRGDivider         0x000016a0   Section        0  clock_8xx.o(i.Chip_SYSCTL_SetUSARTFRGDivider)
    Chip_SYSCTL_SetUSARTFRGDivider           0x000016a1   Thumb Code     6  clock_8xx.o(i.Chip_SYSCTL_SetUSARTFRGDivider)
    i.Chip_UART_GetStatus                    0x000016ac   Section        0  uart_8xx.o(i.Chip_UART_GetStatus)
    Chip_UART_GetStatus                      0x000016ad   Thumb Code    10  uart_8xx.o(i.Chip_UART_GetStatus)
    i.Chip_UART_IRQRBHandler                 0x000016bc   Section        0  uart_8xx.o(i.Chip_UART_IRQRBHandler)
    i.Chip_UART_Init                         0x00001700   Section        0  uart_8xx.o(i.Chip_UART_Init)
    i.Chip_UART_IntDisable                   0x00001754   Section        0  uart_8xx.o(i.Chip_UART_IntDisable)
    Chip_UART_IntDisable                     0x00001755   Thumb Code     4  uart_8xx.o(i.Chip_UART_IntDisable)
    i.Chip_UART_RXIntHandlerRB               0x00001758   Section        0  uart_8xx.o(i.Chip_UART_RXIntHandlerRB)
    i.Chip_UART_SendByte                     0x00001782   Section        0  uart_8xx.o(i.Chip_UART_SendByte)
    Chip_UART_SendByte                       0x00001783   Thumb Code     4  uart_8xx.o(i.Chip_UART_SendByte)
    i.Chip_UART_SendRB                       0x00001786   Section        0  uart_8xx.o(i.Chip_UART_SendRB)
    i.Chip_UART_SetBaud                      0x000017c8   Section        0  uart_8xx.o(i.Chip_UART_SetBaud)
    i.Chip_UART_TXIntHandlerRB               0x000017e2   Section        0  uart_8xx.o(i.Chip_UART_TXIntHandlerRB)
    i.Clock_GetPLLFreq                       0x00001810   Section        0  system_lpc824.o(i.Clock_GetPLLFreq)
    Clock_GetPLLFreq                         0x00001811   Thumb Code    14  system_lpc824.o(i.Clock_GetPLLFreq)
    i.Decode_RxCMD                           0x00001820   Section        0  main.o(i.Decode_RxCMD)
    i.I2C0_IRQHandler                        0x00001cb0   Section        0  main.o(i.I2C0_IRQHandler)
    i.I2C_GetClockID                         0x00001cc4   Section        0  i2c_common_8xx.o(i.I2C_GetClockID)
    I2C_GetClockID                           0x00001cc5   Thumb Code    46  i2c_common_8xx.o(i.I2C_GetClockID)
    i.I2C_GetResetID                         0x00001cf8   Section        0  i2c_common_8xx.o(i.I2C_GetResetID)
    I2C_GetResetID                           0x00001cf9   Thumb Code    46  i2c_common_8xx.o(i.I2C_GetResetID)
    i.MCP23008_Init                          0x00001d2c   Section        0  main.o(i.MCP23008_Init)
    i.MCP23008_Read8                         0x00001d80   Section        0  main.o(i.MCP23008_Read8)
    i.MCP23008_Write8                        0x00001de0   Section        0  main.o(i.MCP23008_Write8)
    i.Reload_Inputs                          0x00001e40   Section        0  main.o(i.Reload_Inputs)
    i.Rewrite_Outputs                        0x00001e84   Section        0  main.o(i.Rewrite_Outputs)
    i.RingBuffer_GetCount                    0x00001ec8   Section        0  ring_buffer.o(i.RingBuffer_GetCount)
    RingBuffer_GetCount                      0x00001ec9   Thumb Code    10  ring_buffer.o(i.RingBuffer_GetCount)
    i.RingBuffer_Init                        0x00001ed2   Section        0  ring_buffer.o(i.RingBuffer_Init)
    i.RingBuffer_Insert                      0x00001ee6   Section        0  ring_buffer.o(i.RingBuffer_Insert)
    i.RingBuffer_InsertMult                  0x00001f1e   Section        0  ring_buffer.o(i.RingBuffer_InsertMult)
    i.RingBuffer_IsEmpty                     0x00001fdc   Section        0  ring_buffer.o(i.RingBuffer_IsEmpty)
    RingBuffer_IsEmpty                       0x00001fdd   Thumb Code    18  ring_buffer.o(i.RingBuffer_IsEmpty)
    i.RingBuffer_IsFull                      0x00001fee   Section        0  ring_buffer.o(i.RingBuffer_IsFull)
    RingBuffer_IsFull                        0x00001fef   Thumb Code    24  ring_buffer.o(i.RingBuffer_IsFull)
    i.RingBuffer_Pop                         0x00002006   Section        0  ring_buffer.o(i.RingBuffer_Pop)
    i.StopWatch_DelayMs                      0x0000203e   Section        0  main.o(i.StopWatch_DelayMs)
    StopWatch_DelayMs                        0x0000203f   Thumb Code    32  main.o(i.StopWatch_DelayMs)
    i.StopWatch_DelayTicks                   0x0000205e   Section        0  main.o(i.StopWatch_DelayTicks)
    StopWatch_DelayTicks                     0x0000205f   Thumb Code    24  main.o(i.StopWatch_DelayTicks)
    i.StopWatch_Elapsed                      0x00002076   Section        0  main.o(i.StopWatch_Elapsed)
    StopWatch_Elapsed                        0x00002077   Thumb Code    12  main.o(i.StopWatch_Elapsed)
    i.StopWatch_Init                         0x00002084   Section        0  stopwatch_8xx.o(i.StopWatch_Init)
    i.StopWatch_MsToTicks                    0x00002148   Section        0  stopwatch_8xx.o(i.StopWatch_MsToTicks)
    i.StopWatch_Start                        0x00002158   Section        0  stopwatch_8xx.o(i.StopWatch_Start)
    i.SysTick_Handler                        0x0000216c   Section        0  main.o(i.SysTick_Handler)
    i.SystemCoreClockUpdate                  0x0000220c   Section        0  system_lpc824.o(i.SystemCoreClockUpdate)
    i.SystemInit                             0x00002360   Section        0  system_lpc824.o(i.SystemInit)
    i.USART0_IRQHandler                      0x00002380   Section        0  main.o(i.USART0_IRQHandler)
    i.WaitForI2cXferComplete                 0x000023b0   Section        0  main.o(i.WaitForI2cXferComplete)
    WaitForI2cXferComplete                   0x000023b1   Thumb Code    22  main.o(i.WaitForI2cXferComplete)
    i.__ARM_common_switch8                   0x000023c6   Section        0  i2cm_8xx.o(i.__ARM_common_switch8)
    i.__NVIC_SetPriority                     0x000023e4   Section        0  brd_bokra_lpc824_lite.o(i.__NVIC_SetPriority)
    __NVIC_SetPriority                       0x000023e5   Thumb Code   110  brd_bokra_lpc824_lite.o(i.__NVIC_SetPriority)
    i._is_digit                              0x0000245c   Section        0  __printf_wp.o(i._is_digit)
    i.getUARTClockID                         0x0000246c   Section        0  uart_8xx.o(i.getUARTClockID)
    getUARTClockID                           0x0000246d   Thumb Code    26  uart_8xx.o(i.getUARTClockID)
    i.main                                   0x00002490   Section        0  main.o(i.main)
    locale$$code                             0x0000281c   Section       44  lc_ctype_c.o(locale$$code)
    .constdata                               0x00002848   Section       64  clock_8xx.o(.constdata)
    wdtOSCRate                               0x00002848   Data          64  clock_8xx.o(.constdata)
    .constdata                               0x00002888   Section        8  brd_bokra_lpc824_lite.o(.constdata)
    .constdata                               0x00002890   Section       17  __printf_flags_wp.o(.constdata)
    maptable                                 0x00002890   Data          17  __printf_flags_wp.o(.constdata)
    locale$$data                             0x000028c4   Section      272  lc_ctype_c.o(locale$$data)
    __lcctype_c_name                         0x000028c8   Data           2  lc_ctype_c.o(locale$$data)
    __lcctype_c_start                        0x000028d0   Data           0  lc_ctype_c.o(locale$$data)
    __lcctype_c_end                          0x000029d4   Data           0  lc_ctype_c.o(locale$$data)
    .data                                    0x10000000   Section       12  stopwatch_8xx.o(.data)
    ticksPerSecond                           0x10000000   Data           4  stopwatch_8xx.o(.data)
    ticksPerMs                               0x10000004   Data           4  stopwatch_8xx.o(.data)
    ticksPerUs                               0x10000008   Data           4  stopwatch_8xx.o(.data)
    .data                                    0x1000000c   Section        4  system_lpc824.o(.data)
    .data                                    0x10000010   Section        2  main.o(.data)
    tmpTxBuff                                0x10000010   Data           2  main.o(.data)
    .data                                    0x10000014   Section        4  strtok.o(.data)
    _strtok_saves1                           0x10000014   Data           4  strtok.o(.data)
    .bss                                     0x10000018   Section     1808  main.o(.bss)
    rxbuff                                   0x10000698   Data          64  main.o(.bss)
    txbuff                                   0x100006d8   Data          64  main.o(.bss)
    I2CXfer                                  0x10000718   Data          16  main.o(.bss)
    .bss                                     0x10000728   Section       96  libspace.o(.bss)
    STACK                                    0x10000788   Section      512  startup_lpc824.o(STACK)

    Global Symbols

    Symbol Name                              Value     Ov Type        Size  Object(Section)

    BuildAttributes$$THM_ISAv3M$S$PE$A:L22$X:L11$S22$IEEE1$IW$USESV6$~STKCKD$USESV7$~SHL$OSPACE$ROPI$EBA8$UX$STANDARDLIB$REQ8$PRES8$EABIv2 0x00000000   Number         0  anon$$obj.o ABSOLUTE
    __ARM_use_no_argv                        0x00000000   Number         0  main.o ABSOLUTE
    __Vectors                                0x00000000   Data           4  startup_lpc824.o(RESET)
    _printf_flags                            0x00000000   Number         0  printf_stubs.o ABSOLUTE
    _printf_return_value                     0x00000000   Number         0  printf_stubs.o ABSOLUTE
    _printf_sizespec                         0x00000000   Number         0  printf_stubs.o ABSOLUTE
    _printf_widthprec                        0x00000000   Number         0  printf_stubs.o ABSOLUTE
    Image$$ZI$$Limit                          - Undefined Weak Reference
    __ARM_exceptions_init                     - Undefined Weak Reference
    __alloca_initialize                       - Undefined Weak Reference
    __arm_preinit_                            - Undefined Weak Reference
    __cpp_initialize__aeabi_                  - Undefined Weak Reference
    __cxa_finalize                            - Undefined Weak Reference
    __sigvec_lookup                           - Undefined Weak Reference
    _atexit_init                              - Undefined Weak Reference
    _call_atexit_fns                          - Undefined Weak Reference
    _clock_init                               - Undefined Weak Reference
    _fp_trap_init                             - Undefined Weak Reference
    _fp_trap_shutdown                         - Undefined Weak Reference
    _get_lc_collate                           - Undefined Weak Reference
    _get_lc_monetary                          - Undefined Weak Reference
    _get_lc_numeric                           - Undefined Weak Reference
    _get_lc_time                              - Undefined Weak Reference
    _getenv_init                              - Undefined Weak Reference
    _handle_redirection                       - Undefined Weak Reference
    _init_alloc                               - Undefined Weak Reference
    _init_user_alloc                          - Undefined Weak Reference
    _initio                                   - Undefined Weak Reference
    _printf_truncate_signed                   - Undefined Weak Reference
    _printf_truncate_unsigned                 - Undefined Weak Reference
    _rand_init                                - Undefined Weak Reference
    _signal_finish                            - Undefined Weak Reference
    _signal_init                              - Undefined Weak Reference
    _terminate_alloc                          - Undefined Weak Reference
    _terminate_user_alloc                     - Undefined Weak Reference
    _terminateio                              - Undefined Weak Reference
    __main                                   0x000000c1   Thumb Code     8  __main.o(!!!main)
    __scatterload                            0x000000c9   Thumb Code     0  __scatter.o(!!!scatter)
    __scatterload_rt2                        0x000000c9   Thumb Code    52  __scatter.o(!!!scatter)
    __scatterload_rt2_thumb_only             0x000000c9   Thumb Code     0  __scatter.o(!!!scatter)
    __scatterload_null                       0x000000d9   Thumb Code     0  __scatter.o(!!!scatter)
    __scatterload_copy                       0x00000105   Thumb Code    26  __scatter_copy.o(!!handler_copy)
    __scatterload_zeroinit                   0x00000121   Thumb Code    28  __scatter_zi.o(!!handler_zi)
    _printf_percent                          0x0000013d   Thumb Code     0  _printf_percent.o(.ARM.Collect$$_printf_percent$$00000000)
    _printf_d                                0x0000013f   Thumb Code     0  _printf_d.o(.ARM.Collect$$_printf_percent$$00000009)
    _printf_percent_end                      0x00000149   Thumb Code     0  _printf_percent_end.o(.ARM.Collect$$_printf_percent$$00000017)
    __rt_lib_init                            0x0000014d   Thumb Code     0  libinit.o(.ARM.Collect$$libinit$$00000000)
    __rt_lib_init_fp_1                       0x0000014f   Thumb Code     0  libinit2.o(.ARM.Collect$$libinit$$00000002)
    __rt_lib_init_heap_1                     0x0000014f   Thumb Code     0  libinit2.o(.ARM.Collect$$libinit$$0000000A)
    __rt_lib_init_lc_common                  0x0000014f   Thumb Code     0  libinit2.o(.ARM.Collect$$libinit$$0000000F)
    __rt_lib_init_preinit_1                  0x0000014f   Thumb Code     0  libinit2.o(.ARM.Collect$$libinit$$00000004)
    __rt_lib_init_rand_1                     0x0000014f   Thumb Code     0  libinit2.o(.ARM.Collect$$libinit$$0000000E)
    __rt_lib_init_user_alloc_1               0x0000014f   Thumb Code     0  libinit2.o(.ARM.Collect$$libinit$$0000000C)
    __rt_lib_init_lc_collate_1               0x00000155   Thumb Code     0  libinit2.o(.ARM.Collect$$libinit$$00000011)
    __rt_lib_init_lc_ctype_2                 0x00000155   Thumb Code     0  libinit2.o(.ARM.Collect$$libinit$$00000012)
    __rt_lib_init_alloca_1                   0x00000161   Thumb Code     0  libinit2.o(.ARM.Collect$$libinit$$0000002E)
    __rt_lib_init_argv_1                     0x00000161   Thumb Code     0  libinit2.o(.ARM.Collect$$libinit$$0000002C)
    __rt_lib_init_atexit_1                   0x00000161   Thumb Code     0  libinit2.o(.ARM.Collect$$libinit$$0000001B)
    __rt_lib_init_clock_1                    0x00000161   Thumb Code     0  libinit2.o(.ARM.Collect$$libinit$$00000021)
    __rt_lib_init_cpp_1                      0x00000161   Thumb Code     0  libinit2.o(.ARM.Collect$$libinit$$00000032)
    __rt_lib_init_exceptions_1               0x00000161   Thumb Code     0  libinit2.o(.ARM.Collect$$libinit$$00000030)
    __rt_lib_init_fp_trap_1                  0x00000161   Thumb Code     0  libinit2.o(.ARM.Collect$$libinit$$0000001F)
    __rt_lib_init_getenv_1                   0x00000161   Thumb Code     0  libinit2.o(.ARM.Collect$$libinit$$00000023)
    __rt_lib_init_lc_ctype_1                 0x00000161   Thumb Code     0  libinit2.o(.ARM.Collect$$libinit$$00000013)
    __rt_lib_init_lc_monetary_1              0x00000161   Thumb Code     0  libinit2.o(.ARM.Collect$$libinit$$00000015)
    __rt_lib_init_lc_numeric_1               0x00000161   Thumb Code     0  libinit2.o(.ARM.Collect$$libinit$$00000017)
    __rt_lib_init_lc_time_1                  0x00000161   Thumb Code     0  libinit2.o(.ARM.Collect$$libinit$$00000019)
    __rt_lib_init_return                     0x00000161   Thumb Code     0  libinit2.o(.ARM.Collect$$libinit$$00000033)
    __rt_lib_init_signal_1                   0x00000161   Thumb Code     0  libinit2.o(.ARM.Collect$$libinit$$0000001D)
    __rt_lib_init_stdio_1                    0x00000161   Thumb Code     0  libinit2.o(.ARM.Collect$$libinit$$00000025)
    __rt_lib_shutdown                        0x00000163   Thumb Code     0  libshutdown.o(.ARM.Collect$$libshutdown$$00000000)
    __rt_lib_shutdown_cpp_1                  0x00000165   Thumb Code     0  libshutdown2.o(.ARM.Collect$$libshutdown$$00000002)
    __rt_lib_shutdown_fp_trap_1              0x00000165   Thumb Code     0  libshutdown2.o(.ARM.Collect$$libshutdown$$00000007)
    __rt_lib_shutdown_heap_1                 0x00000165   Thumb Code     0  libshutdown2.o(.ARM.Collect$$libshutdown$$0000000F)
    __rt_lib_shutdown_return                 0x00000165   Thumb Code     0  libshutdown2.o(.ARM.Collect$$libshutdown$$00000010)
    __rt_lib_shutdown_signal_1               0x00000165   Thumb Code     0  libshutdown2.o(.ARM.Collect$$libshutdown$$0000000A)
    __rt_lib_shutdown_stdio_1                0x00000165   Thumb Code     0  libshutdown2.o(.ARM.Collect$$libshutdown$$00000004)
    __rt_lib_shutdown_user_alloc_1           0x00000165   Thumb Code     0  libshutdown2.o(.ARM.Collect$$libshutdown$$0000000C)
    __rt_entry                               0x00000167   Thumb Code     0  __rtentry.o(.ARM.Collect$$rtentry$$00000000)
    __rt_entry_presh_1                       0x00000167   Thumb Code     0  __rtentry2.o(.ARM.Collect$$rtentry$$00000002)
    __rt_entry_sh                            0x00000167   Thumb Code     0  __rtentry5.o(.ARM.Collect$$rtentry$$00000005)
    __rt_entry_li                            0x0000016b   Thumb Code     0  __rtentry2.o(.ARM.Collect$$rtentry$$0000000A)
    __rt_entry_postsh_1                      0x0000016b   Thumb Code     0  __rtentry2.o(.ARM.Collect$$rtentry$$00000009)
    __rt_entry_main                          0x0000016f   Thumb Code     0  __rtentry2.o(.ARM.Collect$$rtentry$$0000000D)
    __rt_entry_postli_1                      0x0000016f   Thumb Code     0  __rtentry2.o(.ARM.Collect$$rtentry$$0000000C)
    __rt_exit                                0x0000017d   Thumb Code     0  rtexit.o(.ARM.Collect$$rtexit$$00000000)
    __rt_exit_ls                             0x0000017f   Thumb Code     0  rtexit2.o(.ARM.Collect$$rtexit$$00000003)
    __rt_exit_prels_1                        0x0000017f   Thumb Code     0  rtexit2.o(.ARM.Collect$$rtexit$$00000002)
    __rt_exit_exit                           0x00000183   Thumb Code     0  rtexit2.o(.ARM.Collect$$rtexit$$00000004)
    __aeabi_memcpy4                          0x00000189   Thumb Code    56  rt_memcpy.o(.emb_text)
    __aeabi_memcpy8                          0x00000189   Thumb Code     0  rt_memcpy.o(.emb_text)
    Reset_Handler                            0x000001c1   Thumb Code     8  startup_lpc824.o(.text)
    NMI_Handler                              0x000001c9   Thumb Code     2  startup_lpc824.o(.text)
    HardFault_Handler                        0x000001cb   Thumb Code     2  startup_lpc824.o(.text)
    SVC_Handler                              0x000001cd   Thumb Code     2  startup_lpc824.o(.text)
    PendSV_Handler                           0x000001cf   Thumb Code     2  startup_lpc824.o(.text)
    ADC0_OVR_IRQHandler                      0x000001d3   Thumb Code     0  startup_lpc824.o(.text)
    ADC0_SEQA_IRQHandler                     0x000001d3   Thumb Code     0  startup_lpc824.o(.text)
    ADC0_SEQB_IRQHandler                     0x000001d3   Thumb Code     0  startup_lpc824.o(.text)
    ADC0_THCMP_IRQHandler                    0x000001d3   Thumb Code     0  startup_lpc824.o(.text)
    BOD_IRQHandler                           0x000001d3   Thumb Code     0  startup_lpc824.o(.text)
    CMP_CAPT_IRQHandler                      0x000001d3   Thumb Code     0  startup_lpc824.o(.text)
    DMA0_IRQHandler                          0x000001d3   Thumb Code     0  startup_lpc824.o(.text)
    FLASH_IRQHandler                         0x000001d3   Thumb Code     0  startup_lpc824.o(.text)
    I2C1_IRQHandler                          0x000001d3   Thumb Code     0  startup_lpc824.o(.text)
    I2C2_IRQHandler                          0x000001d3   Thumb Code     0  startup_lpc824.o(.text)
    I2C3_IRQHandler                          0x000001d3   Thumb Code     0  startup_lpc824.o(.text)
    MRT0_IRQHandler                          0x000001d3   Thumb Code     0  startup_lpc824.o(.text)
    PIN_INT0_IRQHandler                      0x000001d3   Thumb Code     0  startup_lpc824.o(.text)
    PIN_INT1_IRQHandler                      0x000001d3   Thumb Code     0  startup_lpc824.o(.text)
    PIN_INT2_IRQHandler                      0x000001d3   Thumb Code     0  startup_lpc824.o(.text)
    PIN_INT3_IRQHandler                      0x000001d3   Thumb Code     0  startup_lpc824.o(.text)
    PIN_INT4_IRQHandler                      0x000001d3   Thumb Code     0  startup_lpc824.o(.text)
    PIN_INT5_IRQHandler                      0x000001d3   Thumb Code     0  startup_lpc824.o(.text)
    PIN_INT6_IRQHandler                      0x000001d3   Thumb Code     0  startup_lpc824.o(.text)
    PIN_INT7_IRQHandler                      0x000001d3   Thumb Code     0  startup_lpc824.o(.text)
    SCT_IRQHandler                           0x000001d3   Thumb Code     0  startup_lpc824.o(.text)
    SPI0_IRQHandler                          0x000001d3   Thumb Code     0  startup_lpc824.o(.text)
    SPI1_IRQHandler                          0x000001d3   Thumb Code     0  startup_lpc824.o(.text)
    USART1_IRQHandler                        0x000001d3   Thumb Code     0  startup_lpc824.o(.text)
    USART2_IRQHandler                        0x000001d3   Thumb Code     0  startup_lpc824.o(.text)
    WDT_IRQHandler                           0x000001d3   Thumb Code     0  startup_lpc824.o(.text)
    WKT_IRQHandler                           0x000001d3   Thumb Code     0  startup_lpc824.o(.text)
    __aeabi_lmul                             0x000001dd   Thumb Code    48  llmul.o(.text)
    _ll_mul                                  0x000001dd   Thumb Code     0  llmul.o(.text)
    toupper                                  0x0000020d   Thumb Code    30  toupper.o(.text)
    __2sprintf                               0x0000022d   Thumb Code    40  __2sprintf.o(.text)
    _printf_pre_padding                      0x00000259   Thumb Code    44  _printf_pad.o(.text)
    _printf_post_padding                     0x00000285   Thumb Code    34  _printf_pad.o(.text)
    strtok                                   0x000002a9   Thumb Code    10  strtok.o(.text)
    strlen                                   0x000002b9   Thumb Code    62  strlen.o(.text)
    __aeabi_uldivmod                         0x00000301   Thumb Code   258  lludiv.o(.text)
    _ll_udiv                                 0x00000301   Thumb Code     0  lludiv.o(.text)
    _printf_int_dec                          0x00000405   Thumb Code    90  _printf_dec.o(.text)
    __printf                                 0x00000471   Thumb Code   306  __printf_flags_wp.o(.text)
    strtoul                                  0x000005a9   Thumb Code   118  strtoul.o(.text)
    strncmp                                  0x00000621   Thumb Code   154  strncmp.o(.text)
    __aeabi_memcpy                           0x000006c1   Thumb Code   130  rt_memcpy.o(.text)
    __rt_memcpy                              0x000006c1   Thumb Code     0  rt_memcpy.o(.text)
    _memset_w                                0x00000743   Thumb Code    26  rt_memclr.o(.text)
    _memset                                  0x0000075d   Thumb Code    30  rt_memclr.o(.text)
    __aeabi_memclr                           0x0000077b   Thumb Code     4  rt_memclr.o(.text)
    __rt_memclr                              0x0000077b   Thumb Code     0  rt_memclr.o(.text)
    __aeabi_memclr4                          0x0000077f   Thumb Code     0  rt_memclr.o(.text)
    __aeabi_memclr8                          0x0000077f   Thumb Code     0  rt_memclr.o(.text)
    __rt_memclr_w                            0x0000077f   Thumb Code     4  rt_memclr.o(.text)
    __aeabi_uidiv                            0x00000783   Thumb Code     0  aeabi_sdiv.o(.text)
    __aeabi_uidivmod                         0x00000783   Thumb Code    20  aeabi_sdiv.o(.text)
    __aeabi_idiv                             0x00000797   Thumb Code     0  aeabi_sdiv.o(.text)
    __aeabi_idivmod                          0x00000797   Thumb Code   326  aeabi_sdiv.o(.text)
    __use_two_region_memory                  0x000008dd   Thumb Code     2  heapauxi.o(.text)
    __rt_heap_escrow$2region                 0x000008df   Thumb Code     2  heapauxi.o(.text)
    __rt_heap_expand$2region                 0x000008e1   Thumb Code     2  heapauxi.o(.text)
    __rt_ctype_table                         0x000008e5   Thumb Code    16  rt_ctype_table.o(.text)
    __aeabi_errno_addr                       0x000008f5   Thumb Code     8  rt_errno_addr_intlibspace.o(.text)
    __errno$intlibspace                      0x000008f5   Thumb Code     0  rt_errno_addr_intlibspace.o(.text)
    __rt_errno_addr$intlibspace              0x000008f5   Thumb Code     0  rt_errno_addr_intlibspace.o(.text)
    _printf_int_common                       0x000008fd   Thumb Code   176  _printf_intcommon.o(.text)
    _printf_char_common                      0x000009b7   Thumb Code    32  _printf_char_common.o(.text)
    _sputc                                   0x000009dd   Thumb Code    10  _sputc.o(.text)
    _strtoul                                 0x000009e7   Thumb Code   166  _strtoul.o(.text)
    __strtok_internal                        0x00000a8d   Thumb Code    66  strtok_int.o(.text)
    __rt_udiv10                              0x00000ad5   Thumb Code    40  rtudiv10.o(.text)
    __rt_locale                              0x00000afd   Thumb Code     8  rt_locale_intlibspace.o(.text)
    _chval                                   0x00000b05   Thumb Code    30  _chval.o(.text)
    strcspn                                  0x00000b23   Thumb Code    34  strcspn.o(.text)
    strspn                                   0x00000b45   Thumb Code    32  strspn.o(.text)
    exit                                     0x00000b65   Thumb Code    16  exit.o(.text)
    strcmp                                   0x00000b75   Thumb Code   132  strcmp.o(.text)
    _sys_exit                                0x00000bfd   Thumb Code     8  sys_exit.o(.text)
    __I$use$semihosting                      0x00000c09   Thumb Code     0  use_no_semi.o(.text)
    __use_no_semihosting_swi                 0x00000c09   Thumb Code     2  use_no_semi.o(.text)
    __semihosting_library_function           0x00000c0b   Thumb Code     0  indicate_semi.o(.text)
    App_Init                                 0x00000c0d   Thumb Code    46  main.o(i.App_Init)
    Board_Clock_Init                         0x00000c45   Thumb Code   120  brd_bokra_lpc824_lite.o(i.Board_Clock_Init)
    Board_I2C_Init                           0x00000cc5   Thumb Code   148  brd_bokra_lpc824_lite.o(i.Board_I2C_Init)
    Board_Init                               0x00000d65   Thumb Code    84  brd_bokra_lpc824_lite.o(i.Board_Init)
    Board_UART_Init                          0x00000f2d   Thumb Code    90  brd_bokra_lpc824_lite.o(i.Board_UART_Init)
    Chip_Clock_GetMainClockRate              0x00001001   Thumb Code    68  clock_8xx.o(i.Chip_Clock_GetMainClockRate)
    Chip_Clock_GetSystemClockRate            0x0000105d   Thumb Code    22  clock_8xx.o(i.Chip_Clock_GetSystemClockRate)
    Chip_Clock_GetSystemPLLInClockRate       0x00001079   Thumb Code    58  clock_8xx.o(i.Chip_Clock_GetSystemPLLInClockRate)
    Chip_Clock_GetSystemPLLOutClockRate      0x000010c5   Thumb Code    24  clock_8xx.o(i.Chip_Clock_GetSystemPLLOutClockRate)
    Chip_Clock_GetUSARTNBaseClockRate        0x000010e1   Thumb Code   126  clock_8xx.o(i.Chip_Clock_GetUSARTNBaseClockRate)
    Chip_Clock_GetWDTOSCRate                 0x00001185   Thumb Code    16  clock_8xx.o(i.Chip_Clock_GetWDTOSCRate)
    Chip_Clock_SetMainClockSource            0x00001199   Thumb Code    16  clock_8xx.o(i.Chip_Clock_SetMainClockSource)
    Chip_Clock_SetPLLBypass                  0x000011ad   Thumb Code    26  clock_8xx.o(i.Chip_Clock_SetPLLBypass)
    Chip_Clock_SetSystemPLLSource            0x000011cd   Thumb Code    16  clock_8xx.o(i.Chip_Clock_SetSystemPLLSource)
    Chip_Clock_SetUSARTNBaseClockRate        0x000011e1   Thumb Code   148  clock_8xx.o(i.Chip_Clock_SetUSARTNBaseClockRate)
    Chip_GPIO_Init                           0x0000127d   Thumb Code    28  gpio_8xx.o(i.Chip_GPIO_Init)
    Chip_I2CM_SetBusSpeed                    0x00001311   Thumb Code    50  i2cm_8xx.o(i.Chip_I2CM_SetBusSpeed)
    Chip_I2CM_Xfer                           0x00001377   Thumb Code    54  i2cm_8xx.o(i.Chip_I2CM_Xfer)
    Chip_I2CM_XferHandler                    0x000013ad   Thumb Code   336  i2cm_8xx.o(i.Chip_I2CM_XferHandler)
    Chip_I2C_Init                            0x00001509   Thumb Code    96  i2c_common_8xx.o(i.Chip_I2C_Init)
    Chip_IOCON_PinSetI2CMode                 0x00001575   Thumb Code    24  iocon_8xx.o(i.Chip_IOCON_PinSetI2CMode)
    Chip_IOCON_PinSetMode                    0x0000158d   Thumb Code    22  iocon_8xx.o(i.Chip_IOCON_PinSetMode)
    Chip_IOCON_PinSetOpenDrainMode           0x000015a3   Thumb Code    46  iocon_8xx.o(i.Chip_IOCON_PinSetOpenDrainMode)
    Chip_SWM_FixedPinEnable                  0x000015d1   Thumb Code    58  swm_8xx.o(i.Chip_SWM_FixedPinEnable)
    Chip_SWM_MovablePinAssign                0x00001611   Thumb Code    40  swm_8xx.o(i.Chip_SWM_MovablePinAssign)
    Chip_SYSCTL_PowerUp                      0x00001675   Thumb Code    34  syscon_8xx.o(i.Chip_SYSCTL_PowerUp)
    Chip_UART_IRQRBHandler                   0x000016bd   Thumb Code    68  uart_8xx.o(i.Chip_UART_IRQRBHandler)
    Chip_UART_Init                           0x00001701   Thumb Code    68  uart_8xx.o(i.Chip_UART_Init)
    Chip_UART_RXIntHandlerRB                 0x00001759   Thumb Code    42  uart_8xx.o(i.Chip_UART_RXIntHandlerRB)
    Chip_UART_SendRB                         0x00001787   Thumb Code    66  uart_8xx.o(i.Chip_UART_SendRB)
    Chip_UART_SetBaud                        0x000017c9   Thumb Code    26  uart_8xx.o(i.Chip_UART_SetBaud)
    Chip_UART_TXIntHandlerRB                 0x000017e3   Thumb Code    46  uart_8xx.o(i.Chip_UART_TXIntHandlerRB)
    Decode_RxCMD                             0x00001821   Thumb Code  1152  main.o(i.Decode_RxCMD)
    I2C0_IRQHandler                          0x00001cb1   Thumb Code    12  main.o(i.I2C0_IRQHandler)
    MCP23008_Init                            0x00001d2d   Thumb Code    84  main.o(i.MCP23008_Init)
    MCP23008_Read8                           0x00001d81   Thumb Code    82  main.o(i.MCP23008_Read8)
    MCP23008_Write8                          0x00001de1   Thumb Code    80  main.o(i.MCP23008_Write8)
    Reload_Inputs                            0x00001e41   Thumb Code    62  main.o(i.Reload_Inputs)
    Rewrite_Outputs                          0x00001e85   Thumb Code    62  main.o(i.Rewrite_Outputs)
    RingBuffer_Init                          0x00001ed3   Thumb Code    20  ring_buffer.o(i.RingBuffer_Init)
    RingBuffer_Insert                        0x00001ee7   Thumb Code    56  ring_buffer.o(i.RingBuffer_Insert)
    RingBuffer_InsertMult                    0x00001f1f   Thumb Code   190  ring_buffer.o(i.RingBuffer_InsertMult)
    RingBuffer_Pop                           0x00002007   Thumb Code    56  ring_buffer.o(i.RingBuffer_Pop)
    StopWatch_Init                           0x00002085   Thumb Code   158  stopwatch_8xx.o(i.StopWatch_Init)
    StopWatch_MsToTicks                      0x00002149   Thumb Code    10  stopwatch_8xx.o(i.StopWatch_MsToTicks)
    StopWatch_Start                          0x00002159   Thumb Code    12  stopwatch_8xx.o(i.StopWatch_Start)
    SysTick_Handler                          0x0000216d   Thumb Code   152  main.o(i.SysTick_Handler)
    SystemCoreClockUpdate                    0x0000220d   Thumb Code   266  system_lpc824.o(i.SystemCoreClockUpdate)
    SystemInit                               0x00002361   Thumb Code    14  system_lpc824.o(i.SystemInit)
    USART0_IRQHandler                        0x00002381   Thumb Code    36  main.o(i.USART0_IRQHandler)
    __ARM_common_switch8                     0x000023c7   Thumb Code    28  i2cm_8xx.o(i.__ARM_common_switch8)
    _is_digit                                0x0000245d   Thumb Code    14  __printf_wp.o(i._is_digit)
    main                                     0x00002491   Thumb Code   882  main.o(i.main)
    _get_lc_ctype                            0x0000281d   Thumb Code    44  lc_ctype_c.o(locale$$code)
    OscRateIn                                0x00002888   Data           4  brd_bokra_lpc824_lite.o(.constdata)
    ExtRateIn                                0x0000288c   Data           4  brd_bokra_lpc824_lite.o(.constdata)
    Region$$Table$$Base                      0x000028a4   Number         0  anon$$obj.o(Region$$Table)
    Region$$Table$$Limit                     0x000028c4   Number         0  anon$$obj.o(Region$$Table)
    __ctype                                  0x000028d1   Data           0  lc_ctype_c.o(locale$$data)
    SystemCoreClock                          0x1000000c   Data           4  system_lpc824.o(.data)
    App                                      0x10000018   Data        1664  main.o(.bss)
    __libspace_start                         0x10000728   Data          96  libspace.o(.bss)
    __temporary_stack_top$libspace           0x10000788   Data           0  libspace.o(.bss)
    __initial_sp                             0x10000988   Data           0  startup_lpc824.o(STACK)



==============================================================================

Memory Map of the image

  Image Entry point : 0x000000c1

  Load Region LR_IROM1 (Base: 0x00000000, Size: 0x000029ec, Max: 0x00008000, ABSOLUTE)

    Execution Region ER_IROM1 (Base: 0x00000000, Size: 0x000029d4, Max: 0x00008000, ABSOLUTE)

    Base Addr    Size         Type   Attr      Idx    E Section Name        Object

    0x00000000   0x000000c0   Data   RO         1626    RESET               startup_lpc824.o
    0x000000c0   0x00000008   Code   RO         2026  * !!!main             c_p.l(__main.o)
    0x000000c8   0x0000003c   Code   RO         2248    !!!scatter          c_p.l(__scatter.o)
    0x00000104   0x0000001a   Code   RO         2250    !!handler_copy      c_p.l(__scatter_copy.o)
    0x0000011e   0x00000002   PAD
    0x00000120   0x0000001c   Code   RO         2252    !!handler_zi        c_p.l(__scatter_zi.o)
    0x0000013c   0x00000002   Code   RO         2004    .ARM.Collect$$_printf_percent$$00000000  c_p.l(_printf_percent.o)
    0x0000013e   0x0000000a   Code   RO         2003    .ARM.Collect$$_printf_percent$$00000009  c_p.l(_printf_d.o)
    0x00000148   0x00000004   Code   RO         2050    .ARM.Collect$$_printf_percent$$00000017  c_p.l(_printf_percent_end.o)
    0x0000014c   0x00000002   Code   RO         2114    .ARM.Collect$$libinit$$00000000  c_p.l(libinit.o)
    0x0000014e   0x00000000   Code   RO         2116    .ARM.Collect$$libinit$$00000002  c_p.l(libinit2.o)
    0x0000014e   0x00000000   Code   RO         2118    .ARM.Collect$$libinit$$00000004  c_p.l(libinit2.o)
    0x0000014e   0x00000000   Code   RO         2121    .ARM.Collect$$libinit$$0000000A  c_p.l(libinit2.o)
    0x0000014e   0x00000000   Code   RO         2123    .ARM.Collect$$libinit$$0000000C  c_p.l(libinit2.o)
    0x0000014e   0x00000000   Code   RO         2125    .ARM.Collect$$libinit$$0000000E  c_p.l(libinit2.o)
    0x0000014e   0x00000006   Code   RO         2126    .ARM.Collect$$libinit$$0000000F  c_p.l(libinit2.o)
    0x00000154   0x00000000   Code   RO         2128    .ARM.Collect$$libinit$$00000011  c_p.l(libinit2.o)
    0x00000154   0x0000000c   Code   RO         2129    .ARM.Collect$$libinit$$00000012  c_p.l(libinit2.o)
    0x00000160   0x00000000   Code   RO         2130    .ARM.Collect$$libinit$$00000013  c_p.l(libinit2.o)
    0x00000160   0x00000000   Code   RO         2132    .ARM.Collect$$libinit$$00000015  c_p.l(libinit2.o)
    0x00000160   0x00000000   Code   RO         2134    .ARM.Collect$$libinit$$00000017  c_p.l(libinit2.o)
    0x00000160   0x00000000   Code   RO         2136    .ARM.Collect$$libinit$$00000019  c_p.l(libinit2.o)
    0x00000160   0x00000000   Code   RO         2138    .ARM.Collect$$libinit$$0000001B  c_p.l(libinit2.o)
    0x00000160   0x00000000   Code   RO         2140    .ARM.Collect$$libinit$$0000001D  c_p.l(libinit2.o)
    0x00000160   0x00000000   Code   RO         2142    .ARM.Collect$$libinit$$0000001F  c_p.l(libinit2.o)
    0x00000160   0x00000000   Code   RO         2144    .ARM.Collect$$libinit$$00000021  c_p.l(libinit2.o)
    0x00000160   0x00000000   Code   RO         2146    .ARM.Collect$$libinit$$00000023  c_p.l(libinit2.o)
    0x00000160   0x00000000   Code   RO         2148    .ARM.Collect$$libinit$$00000025  c_p.l(libinit2.o)
    0x00000160   0x00000000   Code   RO         2152    .ARM.Collect$$libinit$$0000002C  c_p.l(libinit2.o)
    0x00000160   0x00000000   Code   RO         2154    .ARM.Collect$$libinit$$0000002E  c_p.l(libinit2.o)
    0x00000160   0x00000000   Code   RO         2156    .ARM.Collect$$libinit$$00000030  c_p.l(libinit2.o)
    0x00000160   0x00000000   Code   RO         2158    .ARM.Collect$$libinit$$00000032  c_p.l(libinit2.o)
    0x00000160   0x00000002   Code   RO         2159    .ARM.Collect$$libinit$$00000033  c_p.l(libinit2.o)
    0x00000162   0x00000002   Code   RO         2213    .ARM.Collect$$libshutdown$$00000000  c_p.l(libshutdown.o)
    0x00000164   0x00000000   Code   RO         2231    .ARM.Collect$$libshutdown$$00000002  c_p.l(libshutdown2.o)
    0x00000164   0x00000000   Code   RO         2233    .ARM.Collect$$libshutdown$$00000004  c_p.l(libshutdown2.o)
    0x00000164   0x00000000   Code   RO         2236    .ARM.Collect$$libshutdown$$00000007  c_p.l(libshutdown2.o)
    0x00000164   0x00000000   Code   RO         2239    .ARM.Collect$$libshutdown$$0000000A  c_p.l(libshutdown2.o)
    0x00000164   0x00000000   Code   RO         2241    .ARM.Collect$$libshutdown$$0000000C  c_p.l(libshutdown2.o)
    0x00000164   0x00000000   Code   RO         2244    .ARM.Collect$$libshutdown$$0000000F  c_p.l(libshutdown2.o)
    0x00000164   0x00000002   Code   RO         2245    .ARM.Collect$$libshutdown$$00000010  c_p.l(libshutdown2.o)
    0x00000166   0x00000000   Code   RO         2028    .ARM.Collect$$rtentry$$00000000  c_p.l(__rtentry.o)
    0x00000166   0x00000000   Code   RO         2061    .ARM.Collect$$rtentry$$00000002  c_p.l(__rtentry2.o)
    0x00000166   0x00000004   Code   RO         2075    .ARM.Collect$$rtentry$$00000005  c_p.l(__rtentry5.o)
    0x0000016a   0x00000000   Code   RO         2063    .ARM.Collect$$rtentry$$00000009  c_p.l(__rtentry2.o)
    0x0000016a   0x00000004   Code   RO         2064    .ARM.Collect$$rtentry$$0000000A  c_p.l(__rtentry2.o)
    0x0000016e   0x00000000   Code   RO         2066    .ARM.Collect$$rtentry$$0000000C  c_p.l(__rtentry2.o)
    0x0000016e   0x00000008   Code   RO         2067    .ARM.Collect$$rtentry$$0000000D  c_p.l(__rtentry2.o)
    0x00000176   0x00000002   PAD
    0x00000178   0x00000004   Code   RO         2076    .ARM.Collect$$rtentry$$00002716  c_p.l(__rtentry5.o)
    0x0000017c   0x00000002   Code   RO         2163    .ARM.Collect$$rtexit$$00000000  c_p.l(rtexit.o)
    0x0000017e   0x00000000   Code   RO         2185    .ARM.Collect$$rtexit$$00000002  c_p.l(rtexit2.o)
    0x0000017e   0x00000004   Code   RO         2186    .ARM.Collect$$rtexit$$00000003  c_p.l(rtexit2.o)
    0x00000182   0x00000006   Code   RO         2187    .ARM.Collect$$rtexit$$00000004  c_p.l(rtexit2.o)
    0x00000188   0x00000038   Code   RO         2014    .emb_text           c_p.l(rt_memcpy.o)
    0x000001c0   0x0000001c   Code   RO         1628    .text               startup_lpc824.o
    0x000001dc   0x00000030   Code   RO         1967    .text               c_p.l(llmul.o)
    0x0000020c   0x0000001e   Code   RO         1971    .text               c_p.l(toupper.o)
    0x0000022a   0x00000002   PAD
    0x0000022c   0x0000002c   Code   RO         1973    .text               c_p.l(__2sprintf.o)
    0x00000258   0x0000004e   Code   RO         1979    .text               c_p.l(_printf_pad.o)
    0x000002a6   0x00000002   PAD
    0x000002a8   0x00000010   Code   RO         2007    .text               c_p.l(strtok.o)
    0x000002b8   0x00000044   Code   RO         2010    .text               c_p.l(strlen.o)
    0x000002fc   0x00000004   Code   RO         1627    .ARM.__at_0x02FC    startup_lpc824.o
    0x00000300   0x00000102   Code   RO         1969    .text               c_p.l(lludiv.o)
    0x00000402   0x00000002   PAD
    0x00000404   0x0000006c   Code   RO         1981    .text               c_p.l(_printf_dec.o)
    0x00000470   0x00000138   Code   RO         1995    .text               c_p.l(__printf_flags_wp.o)
    0x000005a8   0x00000076   Code   RO         2005    .text               c_p.l(strtoul.o)
    0x0000061e   0x00000002   PAD
    0x00000620   0x000000a0   Code   RO         2012    .text               c_p.l(strncmp.o)
    0x000006c0   0x00000082   Code   RO         2015    .text               c_p.l(rt_memcpy.o)
    0x00000742   0x00000040   Code   RO         2018    .text               c_p.l(rt_memclr.o)
    0x00000782   0x0000015a   Code   RO         2020    .text               c_p.l(aeabi_sdiv.o)
    0x000008dc   0x00000006   Code   RO         2024    .text               c_p.l(heapauxi.o)
    0x000008e2   0x00000002   PAD
    0x000008e4   0x00000010   Code   RO         2029    .text               c_p.l(rt_ctype_table.o)
    0x000008f4   0x00000008   Code   RO         2042    .text               c_p.l(rt_errno_addr_intlibspace.o)
    0x000008fc   0x000000b0   Code   RO         2044    .text               c_p.l(_printf_intcommon.o)
    0x000009ac   0x00000030   Code   RO         2046    .text               c_p.l(_printf_char_common.o)
    0x000009dc   0x0000000a   Code   RO         2048    .text               c_p.l(_sputc.o)
    0x000009e6   0x000000a6   Code   RO         2051    .text               c_p.l(_strtoul.o)
    0x00000a8c   0x00000048   Code   RO         2053    .text               c_p.l(strtok_int.o)
    0x00000ad4   0x00000028   Code   RO         2055    .text               c_p.l(rtudiv10.o)
    0x00000afc   0x00000008   Code   RO         2085    .text               c_p.l(rt_locale_intlibspace.o)
    0x00000b04   0x0000001e   Code   RO         2089    .text               c_p.l(_chval.o)
    0x00000b22   0x00000022   Code   RO         2094    .text               c_p.l(strcspn.o)
    0x00000b44   0x00000020   Code   RO         2096    .text               c_p.l(strspn.o)
    0x00000b64   0x00000010   Code   RO         2101    .text               c_p.l(exit.o)
    0x00000b74   0x00000088   Code   RO         2107    .text               c_p.l(strcmp.o)
    0x00000bfc   0x0000000c   Code   RO         2179    .text               c_p.l(sys_exit.o)
    0x00000c08   0x00000002   Code   RO         2181    .text               c_p.l(use_no_semi.o)
    0x00000c0a   0x00000000   Code   RO         2183    .text               c_p.l(indicate_semi.o)
    0x00000c0a   0x00000002   PAD
    0x00000c0c   0x00000038   Code   RO         1805    i.App_Init          main.o
    0x00000c44   0x00000080   Code   RO         1686    i.Board_Clock_Init  brd_bokra_lpc824_lite.o
    0x00000cc4   0x000000a0   Code   RO         1687    i.Board_I2C_Init    brd_bokra_lpc824_lite.o
    0x00000d64   0x00000060   Code   RO         1688    i.Board_Init        brd_bokra_lpc824_lite.o
    0x00000dc4   0x00000168   Code   RO         1689    i.Board_MCU_Pin_Init  brd_bokra_lpc824_lite.o
    0x00000f2c   0x00000068   Code   RO         1690    i.Board_UART_Init   brd_bokra_lpc824_lite.o
    0x00000f94   0x00000034   Code   RO         1636    i.CLOCK_GetSystemPLLInClkRate  system_lpc824.o
    0x00000fc8   0x0000001c   Code   RO         1691    i.Chip_Clock_DisablePeriphClock  brd_bokra_lpc824_lite.o
    0x00000fe4   0x0000001c   Code   RO         1692    i.Chip_Clock_EnablePeriphClock  brd_bokra_lpc824_lite.o
    0x00001000   0x0000004c   Code   RO          244    i.Chip_Clock_GetMainClockRate  clock_8xx.o
    0x0000104c   0x0000000e   Code   RO          245    i.Chip_Clock_GetPLLFreq  clock_8xx.o
    0x0000105a   0x00000002   PAD
    0x0000105c   0x0000001c   Code   RO          246    i.Chip_Clock_GetSystemClockRate  clock_8xx.o
    0x00001078   0x0000004c   Code   RO          247    i.Chip_Clock_GetSystemPLLInClockRate  clock_8xx.o
    0x000010c4   0x0000001c   Code   RO          248    i.Chip_Clock_GetSystemPLLOutClockRate  clock_8xx.o
    0x000010e0   0x00000084   Code   RO          249    i.Chip_Clock_GetUSARTNBaseClockRate  clock_8xx.o
    0x00001164   0x00000020   Code   RO          250    i.Chip_Clock_GetWDTLFORate  clock_8xx.o
    0x00001184   0x00000014   Code   RO          251    i.Chip_Clock_GetWDTOSCRate  clock_8xx.o
    0x00001198   0x00000014   Code   RO          254    i.Chip_Clock_SetMainClockSource  clock_8xx.o
    0x000011ac   0x00000020   Code   RO          255    i.Chip_Clock_SetPLLBypass  clock_8xx.o
    0x000011cc   0x00000014   Code   RO          256    i.Chip_Clock_SetSystemPLLSource  clock_8xx.o
    0x000011e0   0x0000009c   Code   RO          257    i.Chip_Clock_SetUSARTNBaseClockRate  clock_8xx.o
    0x0000127c   0x00000024   Code   RO          453    i.Chip_GPIO_Init    gpio_8xx.o
    0x000012a0   0x00000032   Code   RO         1693    i.Chip_GPIO_SetPinDIR  brd_bokra_lpc824_lite.o
    0x000012d2   0x0000000a   Code   RO         1694    i.Chip_GPIO_SetPinState  brd_bokra_lpc824_lite.o
    0x000012dc   0x0000000a   Code   RO         1806    i.Chip_GPIO_WritePortBit  main.o
    0x000012e6   0x00000008   Code   RO          514    i.Chip_I2CM_ClearStatus  i2cm_8xx.o
    0x000012ee   0x0000000e   Code   RO         1807    i.Chip_I2CM_Disable  main.o
    0x000012fc   0x0000000e   Code   RO         1808    i.Chip_I2CM_Enable  main.o
    0x0000130a   0x00000006   Code   RO          515    i.Chip_I2CM_SendStop  i2cm_8xx.o
    0x00001310   0x00000032   Code   RO          516    i.Chip_I2CM_SetBusSpeed  i2cm_8xx.o
    0x00001342   0x00000030   Code   RO          517    i.Chip_I2CM_SetDutyCycle  i2cm_8xx.o
    0x00001372   0x00000004   Code   RO          518    i.Chip_I2CM_WriteByte  i2cm_8xx.o
    0x00001376   0x00000036   Code   RO          519    i.Chip_I2CM_Xfer    i2cm_8xx.o
    0x000013ac   0x00000150   Code   RO          521    i.Chip_I2CM_XferHandler  i2cm_8xx.o
    0x000014fc   0x00000004   Code   RO          522    i.Chip_I2C_DisableInt  i2cm_8xx.o
    0x00001500   0x00000004   Code   RO         1809    i.Chip_I2C_DisableInt  main.o
    0x00001504   0x00000004   Code   RO         1810    i.Chip_I2C_EnableInt  main.o
    0x00001508   0x0000006c   Code   RO          479    i.Chip_I2C_Init     i2c_common_8xx.o
    0x00001574   0x00000018   Code   RO          701    i.Chip_IOCON_PinSetI2CMode  iocon_8xx.o
    0x0000158c   0x00000016   Code   RO          703    i.Chip_IOCON_PinSetMode  iocon_8xx.o
    0x000015a2   0x0000002e   Code   RO          704    i.Chip_IOCON_PinSetOpenDrainMode  iocon_8xx.o
    0x000015d0   0x00000040   Code   RO         1337    i.Chip_SWM_FixedPinEnable  swm_8xx.o
    0x00001610   0x0000002c   Code   RO         1338    i.Chip_SWM_MovablePinAssign  swm_8xx.o
    0x0000163c   0x00000038   Code   RO         1439    i.Chip_SYSCTL_PeriphReset  uart_8xx.o
    0x00001674   0x0000002c   Code   RO         1367    i.Chip_SYSCTL_PowerUp  syscon_8xx.o
    0x000016a0   0x0000000c   Code   RO          258    i.Chip_SYSCTL_SetUSARTFRGDivider  clock_8xx.o
    0x000016ac   0x00000010   Code   RO         1441    i.Chip_UART_GetStatus  uart_8xx.o
    0x000016bc   0x00000044   Code   RO         1442    i.Chip_UART_IRQRBHandler  uart_8xx.o
    0x00001700   0x00000054   Code   RO         1443    i.Chip_UART_Init    uart_8xx.o
    0x00001754   0x00000004   Code   RO         1444    i.Chip_UART_IntDisable  uart_8xx.o
    0x00001758   0x0000002a   Code   RO         1445    i.Chip_UART_RXIntHandlerRB  uart_8xx.o
    0x00001782   0x00000004   Code   RO         1451    i.Chip_UART_SendByte  uart_8xx.o
    0x00001786   0x00000042   Code   RO         1452    i.Chip_UART_SendRB  uart_8xx.o
    0x000017c8   0x0000001a   Code   RO         1453    i.Chip_UART_SetBaud  uart_8xx.o
    0x000017e2   0x0000002e   Code   RO         1454    i.Chip_UART_TXIntHandlerRB  uart_8xx.o
    0x00001810   0x0000000e   Code   RO         1637    i.Clock_GetPLLFreq  system_lpc824.o
    0x0000181e   0x00000002   PAD
    0x00001820   0x00000490   Code   RO         1811    i.Decode_RxCMD      main.o
    0x00001cb0   0x00000014   Code   RO         1812    i.I2C0_IRQHandler   main.o
    0x00001cc4   0x00000034   Code   RO          480    i.I2C_GetClockID    i2c_common_8xx.o
    0x00001cf8   0x00000034   Code   RO          481    i.I2C_GetResetID    i2c_common_8xx.o
    0x00001d2c   0x00000054   Code   RO         1813    i.MCP23008_Init     main.o
    0x00001d80   0x00000060   Code   RO         1814    i.MCP23008_Read8    main.o
    0x00001de0   0x00000060   Code   RO         1815    i.MCP23008_Write8   main.o
    0x00001e40   0x00000044   Code   RO         1816    i.Reload_Inputs     main.o
    0x00001e84   0x00000044   Code   RO         1817    i.Rewrite_Outputs   main.o
    0x00001ec8   0x0000000a   Code   RO          877    i.RingBuffer_GetCount  ring_buffer.o
    0x00001ed2   0x00000014   Code   RO          878    i.RingBuffer_Init   ring_buffer.o
    0x00001ee6   0x00000038   Code   RO          879    i.RingBuffer_Insert  ring_buffer.o
    0x00001f1e   0x000000be   Code   RO          880    i.RingBuffer_InsertMult  ring_buffer.o
    0x00001fdc   0x00000012   Code   RO          881    i.RingBuffer_IsEmpty  ring_buffer.o
    0x00001fee   0x00000018   Code   RO          882    i.RingBuffer_IsFull  ring_buffer.o
    0x00002006   0x00000038   Code   RO          883    i.RingBuffer_Pop    ring_buffer.o
    0x0000203e   0x00000020   Code   RO         1818    i.StopWatch_DelayMs  main.o
    0x0000205e   0x00000018   Code   RO         1819    i.StopWatch_DelayTicks  main.o
    0x00002076   0x0000000c   Code   RO         1820    i.StopWatch_Elapsed  main.o
    0x00002082   0x00000002   PAD
    0x00002084   0x000000c4   Code   RO         1270    i.StopWatch_Init    stopwatch_8xx.o
    0x00002148   0x00000010   Code   RO         1271    i.StopWatch_MsToTicks  stopwatch_8xx.o
    0x00002158   0x00000014   Code   RO         1272    i.StopWatch_Start   stopwatch_8xx.o
    0x0000216c   0x000000a0   Code   RO         1821    i.SysTick_Handler   main.o
    0x0000220c   0x00000154   Code   RO         1638    i.SystemCoreClockUpdate  system_lpc824.o
    0x00002360   0x00000020   Code   RO         1639    i.SystemInit        system_lpc824.o
    0x00002380   0x00000030   Code   RO         1822    i.USART0_IRQHandler  main.o
    0x000023b0   0x00000016   Code   RO         1823    i.WaitForI2cXferComplete  main.o
    0x000023c6   0x0000001c   Code   RO          572    i.__ARM_common_switch8  i2cm_8xx.o
    0x000023e2   0x00000002   PAD
    0x000023e4   0x00000078   Code   RO         1695    i.__NVIC_SetPriority  brd_bokra_lpc824_lite.o
    0x0000245c   0x0000000e   Code   RO         1993    i._is_digit         c_p.l(__printf_wp.o)
    0x0000246a   0x00000002   PAD
    0x0000246c   0x00000024   Code   RO         1455    i.getUARTClockID    uart_8xx.o
    0x00002490   0x0000038c   Code   RO         1824    i.main              main.o
    0x0000281c   0x0000002c   Code   RO         2092    locale$$code        c_p.l(lc_ctype_c.o)
    0x00002848   0x00000040   Data   RO          259    .constdata          clock_8xx.o
    0x00002888   0x00000008   Data   RO         1696    .constdata          brd_bokra_lpc824_lite.o
    0x00002890   0x00000011   Data   RO         1996    .constdata          c_p.l(__printf_flags_wp.o)
    0x000028a1   0x00000003   PAD
    0x000028a4   0x00000020   Data   RO         2246    Region$$Table       anon$$obj.o
    0x000028c4   0x00000110   Data   RO         2091    locale$$data        c_p.l(lc_ctype_c.o)


    Execution Region RW_IRAM1 (Base: 0x10000000, Size: 0x00000988, Max: 0x00002000, ABSOLUTE)

    Base Addr    Size         Type   Attr      Idx    E Section Name        Object

    0x10000000   0x0000000c   Data   RW         1277    .data               stopwatch_8xx.o
    0x1000000c   0x00000004   Data   RW         1640    .data               system_lpc824.o
    0x10000010   0x00000002   Data   RW         1826    .data               main.o
    0x10000012   0x00000002   PAD
    0x10000014   0x00000004   Data   RW         2008    .data               c_p.l(strtok.o)
    0x10000018   0x00000710   Zero   RW         1825    .bss                main.o
    0x10000728   0x00000060   Zero   RW         2058    .bss                c_p.l(libspace.o)
    0x10000788   0x00000200   Zero   RW         1624    STACK               startup_lpc824.o


==============================================================================

Image component sizes


      Code (inc. data)   RO Data    RW Data    ZI Data      Debug   Object Name

         0          0          0          0          0      15848   acmp_8xx.o
      1084         76          8          0          0      29097   brd_bokra_lpc824_lite.o
       646         78         64          0          0      17246   clock_8xx.o
        36          8          0          0          0        617   gpio_8xx.o
       212         24          0          0          0       1968   i2c_common_8xx.o
       538          8          0          0          0      10789   i2cm_8xx.o
        92          0          0          0          0       4176   iocon_8xx.o
         0          0          0          0          0        972   irc_8xx.o
      2908        226          0          2       1808      34020   main.o
       374          0          0          0          0       5927   ring_buffer.o
        32         12        192          0        512        876   startup_lpc824.o
       232         52          0         12          0       7465   stopwatch_8xx.o
       108         10          0          0          0       3482   swm_8xx.o
        44         10          0          0          0        542   syscon_8xx.o
       438        120          0          4          0       2447   system_lpc824.o
       448         42          0          0          0      16895   uart_8xx.o

    ----------------------------------------------------------------------
      7200        666        296         20       2320     152367   Object Totals
         0          0         32          0          0          0   (incl. Generated)
         8          0          0          2          0          0   (incl. Padding)

    ----------------------------------------------------------------------

      Code (inc. data)   RO Data    RW Data    ZI Data      Debug   Library Member Name

        44          4          0          0          0         84   __2sprintf.o
         8          0          0          0          0         68   __main.o
       312          6         17          0          0         76   __printf_flags_wp.o
        14          0          0          0          0         60   __printf_wp.o
         0          0          0          0          0          0   __rtentry.o
        12          0          0          0          0          0   __rtentry2.o
         8          4          0          0          0          0   __rtentry5.o
        60          8          0          0          0          0   __scatter.o
        26          0          0          0          0          0   __scatter_copy.o
        28          0          0          0          0          0   __scatter_zi.o
        30          0          0          0          0         60   _chval.o
        48          6          0          0          0         88   _printf_char_common.o
        10          0          0          0          0          0   _printf_d.o
       108         18          0          0          0         76   _printf_dec.o
       176          0          0          0          0         84   _printf_intcommon.o
        78          0          0          0          0        100   _printf_pad.o
         2          0          0          0          0          0   _printf_percent.o
         4          0          0          0          0          0   _printf_percent_end.o
        10          0          0          0          0         60   _sputc.o
       166          0          0          0          0         84   _strtoul.o
       346          0          0          0          0         92   aeabi_sdiv.o
        16          0          0          0          0         68   exit.o
         6          0          0          0          0        136   heapauxi.o
         0          0          0          0          0          0   indicate_semi.o
        44         10        272          0          0         76   lc_ctype_c.o
         2          0          0          0          0          0   libinit.o
        20          0          0          0          0          0   libinit2.o
         2          0          0          0          0          0   libshutdown.o
         2          0          0          0          0          0   libshutdown2.o
         0          0          0          0         96          0   libspace.o
        48          0          0          0          0         72   llmul.o
       258          0          0          0          0         88   lludiv.o
        16          4          0          0          0         76   rt_ctype_table.o
         8          4          0          0          0         68   rt_errno_addr_intlibspace.o
         8          4          0          0          0         68   rt_locale_intlibspace.o
        64          0          0          0          0        108   rt_memclr.o
       186          0          0          0          0        144   rt_memcpy.o
         2          0          0          0          0          0   rtexit.o
        10          0          0          0          0          0   rtexit2.o
        40          0          0          0          0         60   rtudiv10.o
       136          4          0          0          0         72   strcmp.o
        34          0          0          0          0         72   strcspn.o
        68          6          0          0          0         72   strlen.o
       160          6          0          0          0         76   strncmp.o
        32          0          0          0          0         72   strspn.o
        16          6          0          4          0         68   strtok.o
        72          6          0          0          0         76   strtok_int.o
       118          0          0          0          0         84   strtoul.o
        12          4          0          0          0         60   sys_exit.o
        30          0          0          0          0         68   toupper.o
         2          0          0          0          0         68   use_no_semi.o

    ----------------------------------------------------------------------
      2920        100        292          4         96       2684   Library Totals
        18          0          3          0          0          0   (incl. Padding)

    ----------------------------------------------------------------------

      Code (inc. data)   RO Data    RW Data    ZI Data      Debug   Library Name

      2902        100        289          4         96       2684   c_p.l

    ----------------------------------------------------------------------
      2920        100        292          4         96       2684   Library Totals

    ----------------------------------------------------------------------

==============================================================================


      Code (inc. data)   RO Data    RW Data    ZI Data      Debug   

     10120        766        588         24       2416     149955   Grand Totals
     10120        766        588         24       2416     149955   ELF Image Totals
     10120        766        588         24          0          0   ROM Totals

==============================================================================

    Total RO  Size (Code + RO Data)                10708 (  10.46kB)
    Total RW  Size (RW Data + ZI Data)              2440 (   2.38kB)
    Total ROM Size (Code + RO Data + RW Data)      10732 (  10.48kB)

==============================================================================

